[1;34m[STEP] Running unit tests...[0m

> serverlessclaw@1.0.13 test /Users/pengcao/projects/serverlessclaw
> vitest run


[1m[46m RUN [49m[22m [36mv4.1.0 [39m[90m/Users/pengcao/projects/serverlessclaw[39m

 [32m✓[39m core/tools/collaboration/collaboration.test.ts [2m([22m[2m6 tests[22m[2m)[22m[32m 152[2mms[22m[39m
 [31m❯[39m dashboard/src/components/CyberConfirm.test.tsx [2m([22m[2m0 test[22m[2m)[22m
 [31m❯[39m dashboard/src/components/ui/Button.test.tsx [2m([22m[2m0 test[22m[2m)[22m
Cannot parse /Users/pengcao/projects/serverlessclaw/dashboard/src/components/SafetyTierEditor.test.tsx:
Parse failed with 1 error:
Unexpected JSX expression
4: import SafetyTierEditor from "./SafetyTierEditor";
5: // Mock the UI components
6: vi.mock("@/components/ui/Card", () => ({ default: ({ children, className, onClick }) => <div data-testid="card" class...
                                                                                           ^
7: vi.mock("@/components/ui/Typography", () => ({ default: ({ children, className }) => <div data-testid="typography" cl...
8: vi.mock("lucide-react", () => ({.
 [31m❯[39m dashboard/src/components/ui/Card.test.tsx [2m([22m[2m0 test[22m[2m)[22m
 [31m❯[39m dashboard/src/components/SafetyTierEditor.test.tsx [2m([22m[2m0 test[22m[2m)[22m
Cannot parse /Users/pengcao/projects/serverlessclaw/dashboard/src/components/CognitiveHealthCard.test.tsx:
Parse failed with 1 error:
Unexpected JSX expression
4: import CognitiveHealthCard from "./CognitiveHealthCard";
5: // Mock the UI components
6: vi.mock("@/components/ui/Card", () => ({ default: ({ children, className }) => <div data-testid="card" className={cla...
                                                                                  ^
7: vi.mock("@/components/ui/Typography", () => ({ default: ({ children, className }) => <div data-testid="typography" cl...
8: vi.mock("@/components/ui/Badge", () => ({ default: ({ children, className, variant }) => <span data-testid="badge" da....
Cannot parse /Users/pengcao/projects/serverlessclaw/dashboard/src/components/Chat/ChatInput.test.tsx:
Parse failed with 1 error:
Unexpected JSX expression
5: vi.mock("next/image", () => ({ default: (props) => {
6:   // eslint-disable-next-line @next/next/no-img-element, jsx-a11y/alt-text
7:   return <img {...props} />;
            ^
8: } }));
9: describe("ChatInput Component", () => {.
 [31m❯[39m dashboard/src/components/CognitiveHealthCard.test.tsx [2m([22m[2m0 test[22m[2m)[22m
 [31m❯[39m dashboard/src/components/CyberSelect.test.tsx [2m([22m[2m0 test[22m[2m)[22m
 [31m❯[39m dashboard/src/components/ui/Badge.test.tsx [2m([22m[2m0 test[22m[2m)[22m
 [31m❯[39m dashboard/src/components/Chat/ChatInput.test.tsx [2m([22m[2m0 test[22m[2m)[22m
[90mstdout[2m | dashboard/src/app/api/trace/route.test.ts[2m > [22m[2mTrace API Route[2m > [22m[2mdeletes a single trace by traceId
[22m[39m[Trace API] Deleting all nodes for trace: trace-1

[90mstdout[2m | dashboard/src/app/api/trace/route.test.ts[2m > [22m[2mTrace API Route[2m > [22m[2mdeletes a single trace by traceId
[22m[39m[Trace API] Successfully deleted 2 nodes for trace trace-1

[90mstdout[2m | dashboard/src/app/api/trace/route.test.ts[2m > [22m[2mTrace API Route[2m > [22m[2mhandles empty trace gracefully
[22m[39m[Trace API] Deleting all nodes for trace: nonexistent

[90mstderr[2m | dashboard/src/app/api/trace/route.test.ts[2m > [22m[2mTrace API Route[2m > [22m[2mhandles empty trace gracefully
[22m[39m[Trace API] No nodes found for traceId nonexistent

[90mstdout[2m | dashboard/src/app/api/trace/route.test.ts[2m > [22m[2mTrace API Route[2m > [22m[2mdeletes all traces when traceId=all
[22m[39m[Trace API] Purging all traces from table: test-trace-table

[90mstdout[2m | dashboard/src/app/api/trace/route.test.ts[2m > [22m[2mTrace API Route[2m > [22m[2mdeletes all traces when traceId=all
[22m[39m[Trace API] Processing 2 trace nodes for deletion

[2m9:32:23 PM[22m [33m[1m[vite][22m[39m (ssr) warning: invalid import "./${cleanModulePath}". A file extension must be included in the static part of the import. For example: import(`./foo/${bar}.js`).
  Plugin: vite:dynamic-import-vars
  File: /Users/pengcao/projects/serverlessclaw/core/handlers/events.ts
[2m9:32:23 PM[22m [33m[1m[vite][22m[39m (ssr) warning: invalid import "./${cleanFallbackPath}". A file extension must be included in the static part of the import. For example: import(`./foo/${bar}.js`).
  Plugin: vite:dynamic-import-vars
  File: /Users/pengcao/projects/serverlessclaw/core/handlers/events.ts
[90mstdout[2m | dashboard/src/app/api/trace/route.test.ts[2m > [22m[2mTrace API Route[2m > [22m[2mdeletes all traces when traceId=all
[22m[39m[Trace API] Successfully purged 2 trace nodes

[90mstdout[2m | dashboard/src/app/api/trace/route.test.ts[2m > [22m[2mTrace API Route[2m > [22m[2mhandles pagination in delete-all
[22m[39m[Trace API] Purging all traces from table: test-trace-table

[90mstdout[2m | dashboard/src/app/api/trace/route.test.ts[2m > [22m[2mTrace API Route[2m > [22m[2mhandles pagination in delete-all
[22m[39m[Trace API] Processing 1 trace nodes for deletion

 [32m✓[39m core/handlers/concurrency-monitor.test.ts [2m([22m[2m2 tests[22m[2m)[22m[32m 159[2mms[22m[39m
[90mstderr[2m | core/lib/utils/topology.test.ts[2m > [22m[2mdiscoverSystemTopology[2m > [22m[2mshould be resilient to DynamoDB errors
[22m[39mFailed to scan dynamic agents, proceeding with backbone only: Error: DDB Down
    at [90m/Users/pengcao/projects/serverlessclaw/[39mcore/lib/utils/topology.test.ts:197:69
[90m    at processTicksAndRejections (node:internal/process/task_queues:104:5)[39m
    at [90mfile:///Users/pengcao/projects/serverlessclaw/[39mnode_modules/[4m.pnpm[24m/@vitest+runner@4.1.0/node_modules/[4m@vitest/runner[24m/dist/index.js:1258:20

 [32m✓[39m core/lib/utils/topology.test.ts [2m([22m[2m10 tests[22m[2m)[22m[33m 1144[2mms[22m[39m
     [33m[2m✓[22m[39m should always include baseline infrastructure nodes [33m 1137[2mms[22m[39m
[90mstdout[2m | core/handlers/events.test.ts[2m > [22m[2mEventHandler[2m > [22m[2mSYSTEM_HEALTH_REPORT[2m > [22m[2mshould triage health report and send outbound message
[22m[39m[EVENTS] Received: system_health_report | Session: session-1

 [32m✓[39m core/agents/strategic-planner.test.ts [2m([22m[2m6 tests[22m[2m)[22m[32m 275[2mms[22m[39m
[90mstdout[2m | core/handlers/events.test.ts[2m > [22m[2mEventHandler[2m > [22m[2mSYSTEM_HEALTH_REPORT[2m > [22m[2mshould not send outbound message if task is paused
[22m[39m[EVENTS] Received: system_health_report | Session: N/A

[90mstdout[2m | core/handlers/events.test.ts[2m > [22m[2mEventHandler[2m > [22m[2mSYSTEM_BUILD_FAILED[2m > [22m[2mshould triage build failure and wake up initiator
[22m[39m[EVENTS] Received: system_build_failed | Session: N/A

[90mstdout[2m | core/handlers/events.test.ts[2m > [22m[2mEventHandler[2m > [22m[2mSYSTEM_BUILD_SUCCESS[2m > [22m[2mshould notify success and wake up initiator
[22m[39m[EVENTS] Received: system_build_success | Session: N/A

[90mstdout[2m | core/handlers/events.test.ts[2m > [22m[2mEventHandler[2m > [22m[2mTASK_COMPLETED / TASK_FAILED[2m > [22m[2mshould relay completion to initiator
[22m[39m[EVENTS] Received: task_completed | Session: N/A

[90mstdout[2m | core/handlers/events.test.ts[2m > [22m[2mEventHandler[2m > [22m[2mTASK_COMPLETED / TASK_FAILED[2m > [22m[2mshould relay failure to initiator
[22m[39m[EVENTS] Received: task_failed | Session: N/A

[90mstdout[2m | core/handlers/events.test.ts[2m > [22m[2mEventHandler[2m > [22m[2mTASK_COMPLETED / TASK_FAILED[2m > [22m[2mshould abort if recursion limit reached
[22m[39m[EVENTS] Received: task_completed | Session: N/A

[90mstdout[2m | core/handlers/events.test.ts[2m > [22m[2mEventHandler[2m > [22m[2mTASK_COMPLETED / TASK_FAILED[2m > [22m[2mshould abort CONTINUATION_TASK if recursion limit reached
[22m[39m[EVENTS] Received: continuation_task | Session: N/A

 [32m✓[39m core/handlers/webhook.test.ts [2m([22m[2m5 tests[22m[2m)[22m[32m 202[2mms[22m[39m
 [32m✓[39m core/handlers/events.test.ts [2m([22m[2m8 tests[22m[2m)[22m[32m 139[2mms[22m[39m
[90mstdout[2m | dashboard/src/app/api/trace/route.test.ts[2m > [22m[2mTrace API Route[2m > [22m[2mhandles pagination in delete-all
[22m[39m[Trace API] Processing 1 trace nodes for deletion

[90mstdout[2m | core/tests/tracing-integration.test.ts[2m > [22m[2mTracing Integration[2m > [22m[2mStrategic Planner Traces[2m > [22m[2mshould emit PLAN_GENERATED trace after successful planning
[22m[39m[TOOLS] Resolving tools for: strategic-planner

[90mstdout[2m | core/tests/tracing-integration.test.ts[2m > [22m[2mTracing Integration[2m > [22m[2mStrategic Planner Traces[2m > [22m[2mshould emit PLAN_GENERATED trace after successful planning
[22m[39m[TOOLS] Configured tools for strategic-planner: signalOrchestration, recallKnowledge, dispatchTask, manageGap, reportGap, sendMessage, listAgents, manageAgentTools, discoverSkills, installSkill, saveMemory, seekClarification, provideClarification, inspectTopology, createCollaboration, joinCollaboration, getCollaborationContext, writeToCollaboration, closeCollaboration, listMyCollaborations, checkConfig, setSystemConfig, listSystemConfigs, getSystemConfigMetadata
[TOOLS] Local tools found: signalOrchestration, recallKnowledge, dispatchTask, manageGap, reportGap, sendMessage, listAgents, manageAgentTools, discoverSkills, installSkill, saveMemory, seekClarification, provideClarification, inspectTopology, createCollaboration, joinCollaboration, getCollaborationContext, writeToCollaboration, closeCollaboration, listMyCollaborations, checkConfig, setSystemConfig, listSystemConfigs, getSystemConfigMetadata

 [32m✓[39m core/handlers/recovery.test.ts [2m([22m[2m6 tests[22m[2m)[22m[33m 1384[2mms[22m[39m
     [33m[2m✓[22m[39m should NOT trigger CodeBuild if health check passes [33m 734[2mms[22m[39m
     [33m[2m✓[22m[39m should log error but continue if EventBridge escalation fails [33m 363[2mms[22m[39m
[90mstdout[2m | core/tests/tracing-integration.test.ts[2m > [22m[2mTracing Integration[2m > [22m[2mStrategic Planner Traces[2m > [22m[2mshould emit COUNCIL_REVIEW trace when processing council results
[22m[39m[TOOLS] Resolving tools for: strategic-planner

[90mstdout[2m | core/tests/tracing-integration.test.ts[2m > [22m[2mTracing Integration[2m > [22m[2mStrategic Planner Traces[2m > [22m[2mshould emit COUNCIL_REVIEW trace when processing council results
[22m[39m[TOOLS] Configured tools for strategic-planner: signalOrchestration, recallKnowledge, dispatchTask, manageGap, reportGap, sendMessage, listAgents, manageAgentTools, discoverSkills, installSkill, saveMemory, seekClarification, provideClarification, inspectTopology, createCollaboration, joinCollaboration, getCollaborationContext, writeToCollaboration, closeCollaboration, listMyCollaborations, checkConfig, setSystemConfig, listSystemConfigs, getSystemConfigMetadata
[TOOLS] Local tools found: signalOrchestration, recallKnowledge, dispatchTask, manageGap, reportGap, sendMessage, listAgents, manageAgentTools, discoverSkills, installSkill, saveMemory, seekClarification, provideClarification, inspectTopology, createCollaboration, joinCollaboration, getCollaborationContext, writeToCollaboration, closeCollaboration, listMyCollaborations, checkConfig, setSystemConfig, listSystemConfigs, getSystemConfigMetadata

 [32m✓[39m core/tests/tracing-integration.test.ts [2m([22m[2m4 tests[22m[2m)[22m[32m 245[2mms[22m[39m
 [32m✓[39m core/handlers/events/proactive-handler.test.ts [2m([22m[2m2 tests[22m[2m)[22m[33m 401[2mms[22m[39m
     [33m[2m✓[22m[39m should handle errors gracefully during dispatch [33m 393[2mms[22m[39m
 [32m✓[39m core/tests/mechanisms.integration.test.ts [2m([22m[2m3 tests[22m[2m)[22m[33m 310[2mms[22m[39m
       [33m[2m✓[22m[39m should reflect recovery activity in verification status after health failure [33m 309[2mms[22m[39m
 [32m✓[39m core/lib/utils/bus.test.ts [2m([22m[2m12 tests[22m[2m)[22m[33m 523[2mms[22m[39m
       [33m[2m✓[22m[39m should store in DLQ after max retries [33m 304[2mms[22m[39m
 [32m✓[39m core/tests/workspace-collaboration.test.ts [2m([22m[2m2 tests[22m[2m)[22m[32m 129[2mms[22m[39m
 [32m✓[39m core/agents/strategic-planner/council-continuation.test.ts [2m([22m[2m4 tests[22m[2m)[22m[32m 120[2mms[22m[39m
[90mstdout[2m | dashboard/src/app/api/trace/route.test.ts[2m > [22m[2mTrace API Route[2m > [22m[2mhandles pagination in delete-all
[22m[39m[Trace API] Successfully purged 2 trace nodes

[90mstdout[2m | dashboard/src/app/api/trace/route.test.ts[2m > [22m[2mTrace API Route[2m > [22m[2mreturns 500 on DynamoDB error
[22m[39m[Trace API] Deleting all nodes for trace: trace-1

[90mstderr[2m | dashboard/src/app/api/trace/route.test.ts[2m > [22m[2mTrace API Route[2m > [22m[2mreturns 500 on DynamoDB error
[22m[39m[Trace API] Critical failure: Error: DynamoDB error
    at [90m/Users/pengcao/projects/serverlessclaw/[39mdashboard/src/app/api/trace/route.test.ts:115:36
    at [90mfile:///Users/pengcao/projects/serverlessclaw/[39mnode_modules/[4m.pnpm[24m/@vitest+runner@4.1.0/node_modules/[4m@vitest/runner[24m/dist/index.js:296:11
    at [90mfile:///Users/pengcao/projects/serverlessclaw/[39mnode_modules/[4m.pnpm[24m/@vitest+runner@4.1.0/node_modules/[4m@vitest/runner[24m/dist/index.js:1258:26
    at [90mfile:///Users/pengcao/projects/serverlessclaw/[39mnode_modules/[4m.pnpm[24m/@vitest+runner@4.1.0/node_modules/[4m@vitest/runner[24m/dist/index.js:1681:20
    at new Promise (<anonymous>)
    at runWithCancel [90m(file:///Users/pengcao/projects/serverlessclaw/[39mnode_modules/[4m.pnpm[24m/@vitest+runner@4.1.0/node_modules/[4m@vitest/runner[24m/dist/index.js:1678:10[90m)[39m
    at [90mfile:///Users/pengcao/projects/serverlessclaw/[39mnode_modules/[4m.pnpm[24m/@vitest+runner@4.1.0/node_modules/[4m@vitest/runner[24m/dist/index.js:1660:20
    at new Promise (<anonymous>)
    at runWithTimeout [90m(file:///Users/pengcao/projects/serverlessclaw/[39mnode_modules/[4m.pnpm[24m/@vitest+runner@4.1.0/node_modules/[4m@vitest/runner[24m/dist/index.js:1627:10[90m)[39m
    at [90mfile:///Users/pengcao/projects/serverlessclaw/[39mnode_modules/[4m.pnpm[24m/@vitest+runner@4.1.0/node_modules/[4m@vitest/runner[24m/dist/index.js:2309:64

 [32m✓[39m dashboard/src/app/api/trace/route.test.ts [2m([22m[2m6 tests[22m[2m)[22m[33m 788[2mms[22m[39m
     [33m[2m✓[22m[39m handles pagination in delete-all [33m 504[2mms[22m[39m
[90mstderr[2m | dashboard/src/app/api/tools/route.test.ts[2m > [22m[2mTools API Route[2m > [22m[2mreturns 500 on error
[22m[39mFailed to fetch tools: Error: DynamoDB error
    at [90m/Users/pengcao/projects/serverlessclaw/[39mdashboard/src/app/api/tools/route.test.ts:60:40
    at [90mfile:///Users/pengcao/projects/serverlessclaw/[39mnode_modules/[4m.pnpm[24m/@vitest+runner@4.1.0/node_modules/[4m@vitest/runner[24m/dist/index.js:296:11
    at [90mfile:///Users/pengcao/projects/serverlessclaw/[39mnode_modules/[4m.pnpm[24m/@vitest+runner@4.1.0/node_modules/[4m@vitest/runner[24m/dist/index.js:1258:26
    at [90mfile:///Users/pengcao/projects/serverlessclaw/[39mnode_modules/[4m.pnpm[24m/@vitest+runner@4.1.0/node_modules/[4m@vitest/runner[24m/dist/index.js:1681:20
    at new Promise (<anonymous>)
    at runWithCancel [90m(file:///Users/pengcao/projects/serverlessclaw/[39mnode_modules/[4m.pnpm[24m/@vitest+runner@4.1.0/node_modules/[4m@vitest/runner[24m/dist/index.js:1678:10[90m)[39m
    at [90mfile:///Users/pengcao/projects/serverlessclaw/[39mnode_modules/[4m.pnpm[24m/@vitest+runner@4.1.0/node_modules/[4m@vitest/runner[24m/dist/index.js:1660:20
    at new Promise (<anonymous>)
    at runWithTimeout [90m(file:///Users/pengcao/projects/serverlessclaw/[39mnode_modules/[4m.pnpm[24m/@vitest+runner@4.1.0/node_modules/[4m@vitest/runner[24m/dist/index.js:1627:10[90m)[39m
    at [90mfile:///Users/pengcao/projects/serverlessclaw/[39mnode_modules/[4m.pnpm[24m/@vitest+runner@4.1.0/node_modules/[4m@vitest/runner[24m/dist/index.js:2309:64

 [32m✓[39m dashboard/src/app/api/tools/route.test.ts [2m([22m[2m4 tests[22m[2m)[22m[32m 64[2mms[22m[39m
[90mstderr[2m | dashboard/src/app/api/scheduling/route.test.ts[2m > [22m[2mScheduling API Route[2m > [22m[2mGET[2m > [22m[2mhandles individual schedule fetch errors gracefully
[22m[39mFailed to fetch details for schedule schedule-2: Error: Not found
    at [90m/Users/pengcao/projects/serverlessclaw/[39mdashboard/src/app/api/scheduling/route.test.ts:54:32
    at [90mfile:///Users/pengcao/projects/serverlessclaw/[39mnode_modules/[4m.pnpm[24m/@vitest+runner@4.1.0/node_modules/[4m@vitest/runner[24m/dist/index.js:296:11
    at [90mfile:///Users/pengcao/projects/serverlessclaw/[39mnode_modules/[4m.pnpm[24m/@vitest+runner@4.1.0/node_modules/[4m@vitest/runner[24m/dist/index.js:1258:26
    at [90mfile:///Users/pengcao/projects/serverlessclaw/[39mnode_modules/[4m.pnpm[24m/@vitest+runner@4.1.0/node_modules/[4m@vitest/runner[24m/dist/index.js:1681:20
    at new Promise (<anonymous>)
    at runWithCancel [90m(file:///Users/pengcao/projects/serverlessclaw/[39mnode_modules/[4m.pnpm[24m/@vitest+runner@4.1.0/node_modules/[4m@vitest/runner[24m/dist/index.js:1678:10[90m)[39m
    at [90mfile:///Users/pengcao/projects/serverlessclaw/[39mnode_modules/[4m.pnpm[24m/@vitest+runner@4.1.0/node_modules/[4m@vitest/runner[24m/dist/index.js:1660:20
    at new Promise (<anonymous>)
    at runWithTimeout [90m(file:///Users/pengcao/projects/serverlessclaw/[39mnode_modules/[4m.pnpm[24m/@vitest+runner@4.1.0/node_modules/[4m@vitest/runner[24m/dist/index.js:1627:10[90m)[39m
    at [90mfile:///Users/pengcao/projects/serverlessclaw/[39mnode_modules/[4m.pnpm[24m/@vitest+runner@4.1.0/node_modules/[4m@vitest/runner[24m/dist/index.js:2309:64

[90mstderr[2m | dashboard/src/app/api/scheduling/route.test.ts[2m > [22m[2mScheduling API Route[2m > [22m[2mGET[2m > [22m[2mreturns 500 on scheduler error
[22m[39mFailed to fetch schedules: Error: AWS error
    at [90m/Users/pengcao/projects/serverlessclaw/[39mdashboard/src/app/api/scheduling/route.test.ts:65:38
    at [90mfile:///Users/pengcao/projects/serverlessclaw/[39mnode_modules/[4m.pnpm[24m/@vitest+runner@4.1.0/node_modules/[4m@vitest/runner[24m/dist/index.js:296:11
    at [90mfile:///Users/pengcao/projects/serverlessclaw/[39mnode_modules/[4m.pnpm[24m/@vitest+runner@4.1.0/node_modules/[4m@vitest/runner[24m/dist/index.js:1258:26
    at [90mfile:///Users/pengcao/projects/serverlessclaw/[39mnode_modules/[4m.pnpm[24m/@vitest+runner@4.1.0/node_modules/[4m@vitest/runner[24m/dist/index.js:1681:20
    at new Promise (<anonymous>)
    at runWithCancel [90m(file:///Users/pengcao/projects/serverlessclaw/[39mnode_modules/[4m.pnpm[24m/@vitest+runner@4.1.0/node_modules/[4m@vitest/runner[24m/dist/index.js:1678:10[90m)[39m
    at [90mfile:///Users/pengcao/projects/serverlessclaw/[39mnode_modules/[4m.pnpm[24m/@vitest+runner@4.1.0/node_modules/[4m@vitest/runner[24m/dist/index.js:1660:20
    at new Promise (<anonymous>)
    at runWithTimeout [90m(file:///Users/pengcao/projects/serverlessclaw/[39mnode_modules/[4m.pnpm[24m/@vitest+runner@4.1.0/node_modules/[4m@vitest/runner[24m/dist/index.js:1627:10[90m)[39m
    at [90mfile:///Users/pengcao/projects/serverlessclaw/[39mnode_modules/[4m.pnpm[24m/@vitest+runner@4.1.0/node_modules/[4m@vitest/runner[24m/dist/index.js:2309:64

[90mstderr[2m | dashboard/src/app/api/scheduling/route.test.ts[2m > [22m[2mScheduling API Route[2m > [22m[2mPOST[2m > [22m[2mreturns 500 on error
[22m[39mFailed to process schedule POST: Error: AWS error
    at [90m/Users/pengcao/projects/serverlessclaw/[39mdashboard/src/app/api/scheduling/route.test.ts:133:38
    at [90mfile:///Users/pengcao/projects/serverlessclaw/[39mnode_modules/[4m.pnpm[24m/@vitest+runner@4.1.0/node_modules/[4m@vitest/runner[24m/dist/index.js:296:11
    at [90mfile:///Users/pengcao/projects/serverlessclaw/[39mnode_modules/[4m.pnpm[24m/@vitest+runner@4.1.0/node_modules/[4m@vitest/runner[24m/dist/index.js:1258:26
    at [90mfile:///Users/pengcao/projects/serverlessclaw/[39mnode_modules/[4m.pnpm[24m/@vitest+runner@4.1.0/node_modules/[4m@vitest/runner[24m/dist/index.js:1681:20
    at new Promise (<anonymous>)
    at runWithCancel [90m(file:///Users/pengcao/projects/serverlessclaw/[39mnode_modules/[4m.pnpm[24m/@vitest+runner@4.1.0/node_modules/[4m@vitest/runner[24m/dist/index.js:1678:10[90m)[39m
    at [90mfile:///Users/pengcao/projects/serverlessclaw/[39mnode_modules/[4m.pnpm[24m/@vitest+runner@4.1.0/node_modules/[4m@vitest/runner[24m/dist/index.js:1660:20
    at new Promise (<anonymous>)
    at runWithTimeout [90m(file:///Users/pengcao/projects/serverlessclaw/[39mnode_modules/[4m.pnpm[24m/@vitest+runner@4.1.0/node_modules/[4m@vitest/runner[24m/dist/index.js:1627:10[90m)[39m
    at [90mfile:///Users/pengcao/projects/serverlessclaw/[39mnode_modules/[4m.pnpm[24m/@vitest+runner@4.1.0/node_modules/[4m@vitest/runner[24m/dist/index.js:2309:64

[90mstderr[2m | dashboard/src/app/api/scheduling/route.test.ts[2m > [22m[2mScheduling API Route[2m > [22m[2mPATCH[2m > [22m[2mreturns 500 on error
[22m[39mFailed to update schedule: Error: AWS error
    at [90m/Users/pengcao/projects/serverlessclaw/[39mdashboard/src/app/api/scheduling/route.test.ts:182:38
    at [90mfile:///Users/pengcao/projects/serverlessclaw/[39mnode_modules/[4m.pnpm[24m/@vitest+runner@4.1.0/node_modules/[4m@vitest/runner[24m/dist/index.js:296:11
    at [90mfile:///Users/pengcao/projects/serverlessclaw/[39mnode_modules/[4m.pnpm[24m/@vitest+runner@4.1.0/node_modules/[4m@vitest/runner[24m/dist/index.js:1258:26
    at [90mfile:///Users/pengcao/projects/serverlessclaw/[39mnode_modules/[4m.pnpm[24m/@vitest+runner@4.1.0/node_modules/[4m@vitest/runner[24m/dist/index.js:1681:20
    at new Promise (<anonymous>)
    at runWithCancel [90m(file:///Users/pengcao/projects/serverlessclaw/[39mnode_modules/[4m.pnpm[24m/@vitest+runner@4.1.0/node_modules/[4m@vitest/runner[24m/dist/index.js:1678:10[90m)[39m
    at [90mfile:///Users/pengcao/projects/serverlessclaw/[39mnode_modules/[4m.pnpm[24m/@vitest+runner@4.1.0/node_modules/[4m@vitest/runner[24m/dist/index.js:1660:20
    at new Promise (<anonymous>)
    at runWithTimeout [90m(file:///Users/pengcao/projects/serverlessclaw/[39mnode_modules/[4m.pnpm[24m/@vitest+runner@4.1.0/node_modules/[4m@vitest/runner[24m/dist/index.js:1627:10[90m)[39m
    at [90mfile:///Users/pengcao/projects/serverlessclaw/[39mnode_modules/[4m.pnpm[24m/@vitest+runner@4.1.0/node_modules/[4m@vitest/runner[24m/dist/index.js:2309:64

 [32m✓[39m core/tests/multimodal.test.ts [2m([22m[2m1 test[22m[2m)[22m[32m 244[2mms[22m[39m
[90mstderr[2m | dashboard/src/app/api/scheduling/route.test.ts[2m > [22m[2mScheduling API Route[2m > [22m[2mDELETE[2m > [22m[2mreturns 500 on error
[22m[39mFailed to delete schedule: Error: AWS error
    at [90m/Users/pengcao/projects/serverlessclaw/[39mdashboard/src/app/api/scheduling/route.test.ts:225:38
    at [90mfile:///Users/pengcao/projects/serverlessclaw/[39mnode_modules/[4m.pnpm[24m/@vitest+runner@4.1.0/node_modules/[4m@vitest/runner[24m/dist/index.js:296:11
    at [90mfile:///Users/pengcao/projects/serverlessclaw/[39mnode_modules/[4m.pnpm[24m/@vitest+runner@4.1.0/node_modules/[4m@vitest/runner[24m/dist/index.js:1258:26
    at [90mfile:///Users/pengcao/projects/serverlessclaw/[39mnode_modules/[4m.pnpm[24m/@vitest+runner@4.1.0/node_modules/[4m@vitest/runner[24m/dist/index.js:1681:20
    at new Promise (<anonymous>)
    at runWithCancel [90m(file:///Users/pengcao/projects/serverlessclaw/[39mnode_modules/[4m.pnpm[24m/@vitest+runner@4.1.0/node_modules/[4m@vitest/runner[24m/dist/index.js:1678:10[90m)[39m
    at [90mfile:///Users/pengcao/projects/serverlessclaw/[39mnode_modules/[4m.pnpm[24m/@vitest+runner@4.1.0/node_modules/[4m@vitest/runner[24m/dist/index.js:1660:20
    at new Promise (<anonymous>)
    at runWithTimeout [90m(file:///Users/pengcao/projects/serverlessclaw/[39mnode_modules/[4m.pnpm[24m/@vitest+runner@4.1.0/node_modules/[4m@vitest/runner[24m/dist/index.js:1627:10[90m)[39m
    at [90mfile:///Users/pengcao/projects/serverlessclaw/[39mnode_modules/[4m.pnpm[24m/@vitest+runner@4.1.0/node_modules/[4m@vitest/runner[24m/dist/index.js:2309:64

 [32m✓[39m dashboard/src/app/api/scheduling/route.test.ts [2m([22m[2m14 tests[22m[2m)[22m[32m 86[2mms[22m[39m
[90mstdout[2m | dashboard/src/app/api/infrastructure/route.test.ts[2m > [22m[2mInfrastructure API Route[2m > [22m[2mreturns stored topology when available
[22m[39mPerforming live topology discovery...

[90mstdout[2m | dashboard/src/app/api/chat/route.test.ts[2m > [22m[2mDashboard API: POST /api/chat[2m > [22m[2mreturns messageId equal to the traceId from agent.process
[22m[39m[Chat API] POST request - text: Hi..., sessionId: session_1, attachments: 0, stream: false

[90mstdout[2m | dashboard/src/app/api/infrastructure/route.test.ts[2m > [22m[2mInfrastructure API Route[2m > [22m[2mfalls back to live topology when stored is empty
[22m[39mPerforming live topology discovery...

[90mstdout[2m | dashboard/src/app/api/infrastructure/route.test.ts[2m > [22m[2mInfrastructure API Route[2m > [22m[2mfalls back to static infrastructure when both stored and live are empty
[22m[39mPerforming live topology discovery...

[90mstdout[2m | dashboard/src/app/api/chat/route.test.ts[2m > [22m[2mDashboard API: POST /api/chat[2m > [22m[2mreturns messageId as undefined when agent.process returns no traceId
[22m[39m[Chat API] POST request - text: ping..., sessionId: session_2, attachments: 0, stream: false

[90mstdout[2m | dashboard/src/app/api/chat/route.test.ts[2m > [22m[2mDashboard API: POST /api/chat[2m > [22m[2mpasses sessionId to agent.process
[22m[39m[Chat API] POST request - text: task..., sessionId: the-session, attachments: 0, stream: false

[90mstdout[2m | dashboard/src/app/api/chat/route.test.ts[2m > [22m[2mDashboard API: POST /api/chat[2m > [22m[2mincludes traceId in saveConversationMeta call
[22m[39m[Chat API] POST request - text: Hi..., sessionId: sess-1, attachments: 0, stream: false

[90mstderr[2m | dashboard/src/app/api/infrastructure/route.test.ts[2m > [22m[2mInfrastructure API Route[2m > [22m[2mreturns 500 on error
[22m[39mFailed to fetch infrastructure: Error: DynamoDB error
    at [90m/Users/pengcao/projects/serverlessclaw/[39mdashboard/src/app/api/infrastructure/route.test.ts:73:43
    at [90mfile:///Users/pengcao/projects/serverlessclaw/[39mnode_modules/[4m.pnpm[24m/@vitest+runner@4.1.0/node_modules/[4m@vitest/runner[24m/dist/index.js:296:11
    at [90mfile:///Users/pengcao/projects/serverlessclaw/[39mnode_modules/[4m.pnpm[24m/@vitest+runner@4.1.0/node_modules/[4m@vitest/runner[24m/dist/index.js:1258:26
    at [90mfile:///Users/pengcao/projects/serverlessclaw/[39mnode_modules/[4m.pnpm[24m/@vitest+runner@4.1.0/node_modules/[4m@vitest/runner[24m/dist/index.js:1681:20
    at new Promise (<anonymous>)
    at runWithCancel [90m(file:///Users/pengcao/projects/serverlessclaw/[39mnode_modules/[4m.pnpm[24m/@vitest+runner@4.1.0/node_modules/[4m@vitest/runner[24m/dist/index.js:1678:10[90m)[39m
    at [90mfile:///Users/pengcao/projects/serverlessclaw/[39mnode_modules/[4m.pnpm[24m/@vitest+runner@4.1.0/node_modules/[4m@vitest/runner[24m/dist/index.js:1660:20
    at new Promise (<anonymous>)
    at runWithTimeout [90m(file:///Users/pengcao/projects/serverlessclaw/[39mnode_modules/[4m.pnpm[24m/@vitest+runner@4.1.0/node_modules/[4m@vitest/runner[24m/dist/index.js:1627:10[90m)[39m
    at [90mfile:///Users/pengcao/projects/serverlessclaw/[39mnode_modules/[4m.pnpm[24m/@vitest+runner@4.1.0/node_modules/[4m@vitest/runner[24m/dist/index.js:2309:64

[90mstdout[2m | dashboard/src/app/api/chat/route.test.ts[2m > [22m[2mDashboard API: POST /api/chat[2m > [22m[2mhandles attachments in request
[22m[39m[Chat API] POST request - text: Check this..., sessionId: sess-attach, attachments: 1, stream: false

[90mstdout[2m | dashboard/src/app/api/chat/route.test.ts[2m > [22m[2mDashboard API: POST /api/chat[2m > [22m[2muses userId as storageId when sessionId is not provided
[22m[39m[Chat API] POST request - text: no session..., sessionId: undefined, attachments: 0, stream: false

[90mstdout[2m | dashboard/src/app/api/chat/route.test.ts[2m > [22m[2mDashboard API: POST /api/chat[2m > [22m[2mdoes not save conversation meta when sessionId is not provided
[22m[39m[Chat API] POST request - text: no session..., sessionId: undefined, attachments: 0, stream: false

[90mstdout[2m | dashboard/src/app/api/chat/route.test.ts[2m > [22m[2mDashboard API: POST /api/chat[2m > [22m[2mtruncates long response text in conversation meta
[22m[39m[Chat API] POST request - text: Hi..., sessionId: sess-truncate, attachments: 0, stream: false

 [32m✓[39m dashboard/src/app/api/infrastructure/route.test.ts [2m([22m[2m4 tests[22m[2m)[22m[32m 62[2mms[22m[39m
[90mstdout[2m | dashboard/src/app/api/chat/route.test.ts[2m > [22m[2mDashboard API: POST /api/chat[2m > [22m[2mreturns 500 on agent process error
[22m[39m[Chat API] POST request - text: Hi..., sessionId: sess-error, attachments: 0, stream: false

[90mstderr[2m | dashboard/src/app/api/chat/route.test.ts[2m > [22m[2mDashboard API: POST /api/chat[2m > [22m[2mreturns 500 on agent process error
[22m[39mChat error Error: Agent failed
    at [90m/Users/pengcao/projects/serverlessclaw/[39mdashboard/src/app/api/chat/route.test.ts:232:35
    at [90mfile:///Users/pengcao/projects/serverlessclaw/[39mnode_modules/[4m.pnpm[24m/@vitest+runner@4.1.0/node_modules/[4m@vitest/runner[24m/dist/index.js:296:11
    at [90mfile:///Users/pengcao/projects/serverlessclaw/[39mnode_modules/[4m.pnpm[24m/@vitest+runner@4.1.0/node_modules/[4m@vitest/runner[24m/dist/index.js:1258:26
    at [90mfile:///Users/pengcao/projects/serverlessclaw/[39mnode_modules/[4m.pnpm[24m/@vitest+runner@4.1.0/node_modules/[4m@vitest/runner[24m/dist/index.js:1681:20
    at new Promise (<anonymous>)
    at runWithCancel [90m(file:///Users/pengcao/projects/serverlessclaw/[39mnode_modules/[4m.pnpm[24m/@vitest+runner@4.1.0/node_modules/[4m@vitest/runner[24m/dist/index.js:1678:10[90m)[39m
    at [90mfile:///Users/pengcao/projects/serverlessclaw/[39mnode_modules/[4m.pnpm[24m/@vitest+runner@4.1.0/node_modules/[4m@vitest/runner[24m/dist/index.js:1660:20
    at new Promise (<anonymous>)
    at runWithTimeout [90m(file:///Users/pengcao/projects/serverlessclaw/[39mnode_modules/[4m.pnpm[24m/@vitest+runner@4.1.0/node_modules/[4m@vitest/runner[24m/dist/index.js:1627:10[90m)[39m
    at [90mfile:///Users/pengcao/projects/serverlessclaw/[39mnode_modules/[4m.pnpm[24m/@vitest+runner@4.1.0/node_modules/[4m@vitest/runner[24m/dist/index.js:2309:64

[90mstdout[2m | dashboard/src/app/api/chat/route.test.ts[2m > [22m[2mDashboard API: POST /api/chat[2m > [22m[2mpersists error message to history on agent failure
[22m[39m[Chat API] POST request - text: Hi..., sessionId: sess-fail, attachments: 0, stream: false

[90mstderr[2m | dashboard/src/app/api/chat/route.test.ts[2m > [22m[2mDashboard API: POST /api/chat[2m > [22m[2mpersists error message to history on agent failure
[22m[39mChat error Error: Agent crashed
    at [90m/Users/pengcao/projects/serverlessclaw/[39mdashboard/src/app/api/chat/route.test.ts:244:35
    at [90mfile:///Users/pengcao/projects/serverlessclaw/[39mnode_modules/[4m.pnpm[24m/@vitest+runner@4.1.0/node_modules/[4m@vitest/runner[24m/dist/index.js:296:11
    at [90mfile:///Users/pengcao/projects/serverlessclaw/[39mnode_modules/[4m.pnpm[24m/@vitest+runner@4.1.0/node_modules/[4m@vitest/runner[24m/dist/index.js:1258:26
    at [90mfile:///Users/pengcao/projects/serverlessclaw/[39mnode_modules/[4m.pnpm[24m/@vitest+runner@4.1.0/node_modules/[4m@vitest/runner[24m/dist/index.js:1681:20
    at new Promise (<anonymous>)
    at runWithCancel [90m(file:///Users/pengcao/projects/serverlessclaw/[39mnode_modules/[4m.pnpm[24m/@vitest+runner@4.1.0/node_modules/[4m@vitest/runner[24m/dist/index.js:1678:10[90m)[39m
    at [90mfile:///Users/pengcao/projects/serverlessclaw/[39mnode_modules/[4m.pnpm[24m/@vitest+runner@4.1.0/node_modules/[4m@vitest/runner[24m/dist/index.js:1660:20
    at new Promise (<anonymous>)
    at runWithTimeout [90m(file:///Users/pengcao/projects/serverlessclaw/[39mnode_modules/[4m.pnpm[24m/@vitest+runner@4.1.0/node_modules/[4m@vitest/runner[24m/dist/index.js:1627:10[90m)[39m
    at [90mfile:///Users/pengcao/projects/serverlessclaw/[39mnode_modules/[4m.pnpm[24m/@vitest+runner@4.1.0/node_modules/[4m@vitest/runner[24m/dist/index.js:2309:64

[90mstdout[2m | dashboard/src/app/api/chat/route.test.ts[2m > [22m[2mDashboard API: POST /api/chat[2m > [22m[2mhandles error when persisting error message fails
[22m[39m[Chat API] POST request - text: Hi..., sessionId: sess-double-fail, attachments: 0, stream: false

[90mstdout[2m | dashboard/src/app/api/chat/route.test.ts[2m > [22m[2mDashboard API: POST /api/chat (streaming)[2m > [22m[2mpasses client traceId to agent.stream when stream=true
[22m[39m[Chat API] POST request - text: Hello..., sessionId: sess-stream-1, attachments: 0, stream: true

[90mstdout[2m | dashboard/src/app/api/chat/route.test.ts[2m > [22m[2mDashboard API: POST /api/chat (streaming)[2m > [22m[2mpasses undefined traceId when client does not provide one
[22m[39m[Chat API] POST request - text: Hello..., sessionId: sess-stream-2, attachments: 0, stream: true

[90mstdout[2m | dashboard/src/app/api/chat/route.test.ts[2m > [22m[2mDashboard API: POST /api/chat (streaming)[2m > [22m[2mawaits stream completion before returning
[22m[39m[Chat API] POST request - text: Stream me..., sessionId: sess-stream-3, attachments: 0, stream: true

[90mstdout[2m | dashboard/src/app/api/chat/route.test.ts[2m > [22m[2mDashboard API: POST /api/chat (streaming)[2m > [22m[2msaves conversation meta with truncated final response after streaming
[22m[39m[Chat API] POST request - text: Long response..., sessionId: sess-stream-trunc, attachments: 0, stream: true

[90mstdout[2m | dashboard/src/app/api/chat/route.test.ts[2m > [22m[2mDashboard API: POST /api/chat (streaming)[2m > [22m[2mcaptures tool_calls from stream when provider returns them (MiniMax scenario)
[22m[39m[Chat API] POST request - text: remember who i am?..., sessionId: sess-tc-1, attachments: 0, stream: true

[90mstdout[2m | dashboard/src/app/api/chat/route.test.ts[2m > [22m[2mDashboard API: POST /api/chat (streaming)[2m > [22m[2mreturns empty reply with tool_calls when provider emits only tool_calls (no text)
[22m[39m[Chat API] POST request - text: search for test..., sessionId: sess-tc-2, attachments: 0, stream: true

[90mstdout[2m | dashboard/src/app/api/chat/route.test.ts[2m > [22m[2mDashboard API: POST /api/chat (streaming)[2m > [22m[2mcaptures thought content as reply when provider emits only thoughts
[22m[39m[Chat API] POST request - text: think about it..., sessionId: sess-tc-3, attachments: 0, stream: true

[90mstderr[2m | dashboard/src/app/api/chat/route.test.ts[2m > [22m[2mDashboard API: PATCH /api/chat[2m > [22m[2mreturns 500 when saveConversationMeta fails
[22m[39mFailed to update session: Error: DynamoDB error
    at [90m/Users/pengcao/projects/serverlessclaw/[39mdashboard/src/app/api/chat/route.test.ts:531:48
    at [90mfile:///Users/pengcao/projects/serverlessclaw/[39mnode_modules/[4m.pnpm[24m/@vitest+runner@4.1.0/node_modules/[4m@vitest/runner[24m/dist/index.js:296:11
    at [90mfile:///Users/pengcao/projects/serverlessclaw/[39mnode_modules/[4m.pnpm[24m/@vitest+runner@4.1.0/node_modules/[4m@vitest/runner[24m/dist/index.js:1258:26
    at [90mfile:///Users/pengcao/projects/serverlessclaw/[39mnode_modules/[4m.pnpm[24m/@vitest+runner@4.1.0/node_modules/[4m@vitest/runner[24m/dist/index.js:1681:20
    at new Promise (<anonymous>)
    at runWithCancel [90m(file:///Users/pengcao/projects/serverlessclaw/[39mnode_modules/[4m.pnpm[24m/@vitest+runner@4.1.0/node_modules/[4m@vitest/runner[24m/dist/index.js:1678:10[90m)[39m
    at [90mfile:///Users/pengcao/projects/serverlessclaw/[39mnode_modules/[4m.pnpm[24m/@vitest+runner@4.1.0/node_modules/[4m@vitest/runner[24m/dist/index.js:1660:20
    at new Promise (<anonymous>)
    at runWithTimeout [90m(file:///Users/pengcao/projects/serverlessclaw/[39mnode_modules/[4m.pnpm[24m/@vitest+runner@4.1.0/node_modules/[4m@vitest/runner[24m/dist/index.js:1627:10[90m)[39m
    at [90mfile:///Users/pengcao/projects/serverlessclaw/[39mnode_modules/[4m.pnpm[24m/@vitest+runner@4.1.0/node_modules/[4m@vitest/runner[24m/dist/index.js:2309:64

[90mstderr[2m | dashboard/src/app/api/chat/route.test.ts[2m > [22m[2mDashboard API: DELETE /api/chat[2m > [22m[2mreturns 500 when deleteConversation fails
[22m[39mFailed to delete session: Error: Delete failed
    at [90m/Users/pengcao/projects/serverlessclaw/[39mdashboard/src/app/api/chat/route.test.ts:608:46
    at [90mfile:///Users/pengcao/projects/serverlessclaw/[39mnode_modules/[4m.pnpm[24m/@vitest+runner@4.1.0/node_modules/[4m@vitest/runner[24m/dist/index.js:296:11
    at [90mfile:///Users/pengcao/projects/serverlessclaw/[39mnode_modules/[4m.pnpm[24m/@vitest+runner@4.1.0/node_modules/[4m@vitest/runner[24m/dist/index.js:1258:26
    at [90mfile:///Users/pengcao/projects/serverlessclaw/[39mnode_modules/[4m.pnpm[24m/@vitest+runner@4.1.0/node_modules/[4m@vitest/runner[24m/dist/index.js:1681:20
    at new Promise (<anonymous>)
    at runWithCancel [90m(file:///Users/pengcao/projects/serverlessclaw/[39mnode_modules/[4m.pnpm[24m/@vitest+runner@4.1.0/node_modules/[4m@vitest/runner[24m/dist/index.js:1678:10[90m)[39m
    at [90mfile:///Users/pengcao/projects/serverlessclaw/[39mnode_modules/[4m.pnpm[24m/@vitest+runner@4.1.0/node_modules/[4m@vitest/runner[24m/dist/index.js:1660:20
    at new Promise (<anonymous>)
    at runWithTimeout [90m(file:///Users/pengcao/projects/serverlessclaw/[39mnode_modules/[4m.pnpm[24m/@vitest+runner@4.1.0/node_modules/[4m@vitest/runner[24m/dist/index.js:1627:10[90m)[39m
    at [90mfile:///Users/pengcao/projects/serverlessclaw/[39mnode_modules/[4m.pnpm[24m/@vitest+runner@4.1.0/node_modules/[4m@vitest/runner[24m/dist/index.js:2309:64

[90mstderr[2m | dashboard/src/app/api/chat/route.test.ts[2m > [22m[2mDashboard API: DELETE /api/chat[2m > [22m[2mreturns 500 when listConversations fails during "all" delete
[22m[39mFailed to delete session: Error: List failed
    at [90m/Users/pengcao/projects/serverlessclaw/[39mdashboard/src/app/api/chat/route.test.ts:620:45
    at [90mfile:///Users/pengcao/projects/serverlessclaw/[39mnode_modules/[4m.pnpm[24m/@vitest+runner@4.1.0/node_modules/[4m@vitest/runner[24m/dist/index.js:296:11
    at [90mfile:///Users/pengcao/projects/serverlessclaw/[39mnode_modules/[4m.pnpm[24m/@vitest+runner@4.1.0/node_modules/[4m@vitest/runner[24m/dist/index.js:1258:26
    at [90mfile:///Users/pengcao/projects/serverlessclaw/[39mnode_modules/[4m.pnpm[24m/@vitest+runner@4.1.0/node_modules/[4m@vitest/runner[24m/dist/index.js:1681:20
    at new Promise (<anonymous>)
    at runWithCancel [90m(file:///Users/pengcao/projects/serverlessclaw/[39mnode_modules/[4m.pnpm[24m/@vitest+runner@4.1.0/node_modules/[4m@vitest/runner[24m/dist/index.js:1678:10[90m)[39m
    at [90mfile:///Users/pengcao/projects/serverlessclaw/[39mnode_modules/[4m.pnpm[24m/@vitest+runner@4.1.0/node_modules/[4m@vitest/runner[24m/dist/index.js:1660:20
    at new Promise (<anonymous>)
    at runWithTimeout [90m(file:///Users/pengcao/projects/serverlessclaw/[39mnode_modules/[4m.pnpm[24m/@vitest+runner@4.1.0/node_modules/[4m@vitest/runner[24m/dist/index.js:1627:10[90m)[39m
    at [90mfile:///Users/pengcao/projects/serverlessclaw/[39mnode_modules/[4m.pnpm[24m/@vitest+runner@4.1.0/node_modules/[4m@vitest/runner[24m/dist/index.js:2309:64

[90mstdout[2m | dashboard/src/app/api/chat/route.test.ts[2m > [22m[2mDashboard API: GET /api/chat[2m > [22m[2mreturns list of sessions when no sessionId provided
[22m[39m[Chat API] Returning 2 sessions to frontend

[90mstdout[2m | dashboard/src/app/api/chat/route.test.ts[2m > [22m[2mDashboard API: GET /api/chat[2m > [22m[2mreturns empty array when no sessions exist
[22m[39m[Chat API] Returning 0 sessions to frontend

 [32m✓[39m dashboard/src/app/api/chat/route.test.ts [2m([22m[2m37 tests[22m[2m)[22m[32m 84[2mms[22m[39m
[90mstderr[2m | dashboard/src/app/api/cognitive-health/route.test.ts[2m > [22m[2m/api/cognitive-health[2m > [22m[2mshould return empty array on error
[22m[39mError fetching cognitive health: Error: DynamoDB error
    at [90m/Users/pengcao/projects/serverlessclaw/[39mdashboard/src/app/api/cognitive-health/route.test.ts:109:40
    at [90mfile:///Users/pengcao/projects/serverlessclaw/[39mnode_modules/[4m.pnpm[24m/@vitest+runner@4.1.0/node_modules/[4m@vitest/runner[24m/dist/index.js:296:11
    at [90mfile:///Users/pengcao/projects/serverlessclaw/[39mnode_modules/[4m.pnpm[24m/@vitest+runner@4.1.0/node_modules/[4m@vitest/runner[24m/dist/index.js:1258:26
    at [90mfile:///Users/pengcao/projects/serverlessclaw/[39mnode_modules/[4m.pnpm[24m/@vitest+runner@4.1.0/node_modules/[4m@vitest/runner[24m/dist/index.js:1681:20
    at new Promise (<anonymous>)
    at runWithCancel [90m(file:///Users/pengcao/projects/serverlessclaw/[39mnode_modules/[4m.pnpm[24m/@vitest+runner@4.1.0/node_modules/[4m@vitest/runner[24m/dist/index.js:1678:10[90m)[39m
    at [90mfile:///Users/pengcao/projects/serverlessclaw/[39mnode_modules/[4m.pnpm[24m/@vitest+runner@4.1.0/node_modules/[4m@vitest/runner[24m/dist/index.js:1660:20
    at new Promise (<anonymous>)
    at runWithTimeout [90m(file:///Users/pengcao/projects/serverlessclaw/[39mnode_modules/[4m.pnpm[24m/@vitest+runner@4.1.0/node_modules/[4m@vitest/runner[24m/dist/index.js:1627:10[90m)[39m
    at [90mfile:///Users/pengcao/projects/serverlessclaw/[39mnode_modules/[4m.pnpm[24m/@vitest+runner@4.1.0/node_modules/[4m@vitest/runner[24m/dist/index.js:2309:64

 [32m✓[39m dashboard/src/app/api/cognitive-health/route.test.ts [2m([22m[2m8 tests[22m[2m)[22m[32m 81[2mms[22m[39m
[90mstderr[2m | dashboard/src/app/api/memory/prioritize/route.test.ts[2m > [22m[2mMemory Prioritize API Route[2m > [22m[2mreturns 500 on memory error
[22m[39mAPI Error: Error: DynamoDB error
    at [90m/Users/pengcao/projects/serverlessclaw/[39mdashboard/src/app/api/memory/prioritize/route.test.ts:79:49
    at [90mfile:///Users/pengcao/projects/serverlessclaw/[39mnode_modules/[4m.pnpm[24m/@vitest+runner@4.1.0/node_modules/[4m@vitest/runner[24m/dist/index.js:296:11
    at [90mfile:///Users/pengcao/projects/serverlessclaw/[39mnode_modules/[4m.pnpm[24m/@vitest+runner@4.1.0/node_modules/[4m@vitest/runner[24m/dist/index.js:1258:26
    at [90mfile:///Users/pengcao/projects/serverlessclaw/[39mnode_modules/[4m.pnpm[24m/@vitest+runner@4.1.0/node_modules/[4m@vitest/runner[24m/dist/index.js:1681:20
    at new Promise (<anonymous>)
    at runWithCancel [90m(file:///Users/pengcao/projects/serverlessclaw/[39mnode_modules/[4m.pnpm[24m/@vitest+runner@4.1.0/node_modules/[4m@vitest/runner[24m/dist/index.js:1678:10[90m)[39m
    at [90mfile:///Users/pengcao/projects/serverlessclaw/[39mnode_modules/[4m.pnpm[24m/@vitest+runner@4.1.0/node_modules/[4m@vitest/runner[24m/dist/index.js:1660:20
    at new Promise (<anonymous>)
    at runWithTimeout [90m(file:///Users/pengcao/projects/serverlessclaw/[39mnode_modules/[4m.pnpm[24m/@vitest+runner@4.1.0/node_modules/[4m@vitest/runner[24m/dist/index.js:1627:10[90m)[39m
    at [90mfile:///Users/pengcao/projects/serverlessclaw/[39mnode_modules/[4m.pnpm[24m/@vitest+runner@4.1.0/node_modules/[4m@vitest/runner[24m/dist/index.js:2309:64

 [32m✓[39m dashboard/src/app/api/memory/prioritize/route.test.ts [2m([22m[2m5 tests[22m[2m)[22m[32m 59[2mms[22m[39m
 [32m✓[39m core/tools/infra/deployment.test.ts [2m([22m[2m9 tests[22m[2m)[22m[32m 168[2mms[22m[39m
 [32m✓[39m dashboard/src/app/api/config/route.test.ts [2m([22m[2m3 tests[22m[2m)[22m[32m 65[2mms[22m[39m
 [32m✓[39m core/lib/lifecycle/health.test.ts [2m([22m[2m5 tests[22m[2m)[22m[32m 124[2mms[22m[39m
 [32m✓[39m core/lib/mcp.parallel.test.ts [2m([22m[2m3 tests[22m[2m)[22m[32m 62[2mms[22m[39m
[90mstderr[2m | dashboard/src/app/api/memory/gap/route.test.ts[2m > [22m[2mMemory Gap API Route[2m > [22m[2mreturns 500 on memory error
[22m[39mAPI Error: Error: DynamoDB error
    at [90m/Users/pengcao/projects/serverlessclaw/[39mdashboard/src/app/api/memory/gap/route.test.ts:50:34
    at [90mfile:///Users/pengcao/projects/serverlessclaw/[39mnode_modules/[4m.pnpm[24m/@vitest+runner@4.1.0/node_modules/[4m@vitest/runner[24m/dist/index.js:296:11
    at [90mfile:///Users/pengcao/projects/serverlessclaw/[39mnode_modules/[4m.pnpm[24m/@vitest+runner@4.1.0/node_modules/[4m@vitest/runner[24m/dist/index.js:1258:26
    at [90mfile:///Users/pengcao/projects/serverlessclaw/[39mnode_modules/[4m.pnpm[24m/@vitest+runner@4.1.0/node_modules/[4m@vitest/runner[24m/dist/index.js:1681:20
    at new Promise (<anonymous>)
    at runWithCancel [90m(file:///Users/pengcao/projects/serverlessclaw/[39mnode_modules/[4m.pnpm[24m/@vitest+runner@4.1.0/node_modules/[4m@vitest/runner[24m/dist/index.js:1678:10[90m)[39m
    at [90mfile:///Users/pengcao/projects/serverlessclaw/[39mnode_modules/[4m.pnpm[24m/@vitest+runner@4.1.0/node_modules/[4m@vitest/runner[24m/dist/index.js:1660:20
    at new Promise (<anonymous>)
    at runWithTimeout [90m(file:///Users/pengcao/projects/serverlessclaw/[39mnode_modules/[4m.pnpm[24m/@vitest+runner@4.1.0/node_modules/[4m@vitest/runner[24m/dist/index.js:1627:10[90m)[39m
    at [90mfile:///Users/pengcao/projects/serverlessclaw/[39mnode_modules/[4m.pnpm[24m/@vitest+runner@4.1.0/node_modules/[4m@vitest/runner[24m/dist/index.js:2309:64

 [32m✓[39m dashboard/src/app/api/memory/gap/route.test.ts [2m([22m[2m3 tests[22m[2m)[22m[32m 54[2mms[22m[39m
[90mstderr[2m | dashboard/src/app/api/collaboration/route.test.ts[2m > [22m[2mCollaboration API Route[2m > [22m[2mGET[2m > [22m[2mreturns empty array on DynamoDB error
[22m[39mError fetching collaboration data: Error: DynamoDB error
    at [90m/Users/pengcao/projects/serverlessclaw/[39mdashboard/src/app/api/collaboration/route.test.ts:68:34
    at [90mfile:///Users/pengcao/projects/serverlessclaw/[39mnode_modules/[4m.pnpm[24m/@vitest+runner@4.1.0/node_modules/[4m@vitest/runner[24m/dist/index.js:296:11
    at [90mfile:///Users/pengcao/projects/serverlessclaw/[39mnode_modules/[4m.pnpm[24m/@vitest+runner@4.1.0/node_modules/[4m@vitest/runner[24m/dist/index.js:1258:26
    at [90mfile:///Users/pengcao/projects/serverlessclaw/[39mnode_modules/[4m.pnpm[24m/@vitest+runner@4.1.0/node_modules/[4m@vitest/runner[24m/dist/index.js:1681:20
    at new Promise (<anonymous>)
    at runWithCancel [90m(file:///Users/pengcao/projects/serverlessclaw/[39mnode_modules/[4m.pnpm[24m/@vitest+runner@4.1.0/node_modules/[4m@vitest/runner[24m/dist/index.js:1678:10[90m)[39m
    at [90mfile:///Users/pengcao/projects/serverlessclaw/[39mnode_modules/[4m.pnpm[24m/@vitest+runner@4.1.0/node_modules/[4m@vitest/runner[24m/dist/index.js:1660:20
    at new Promise (<anonymous>)
    at runWithTimeout [90m(file:///Users/pengcao/projects/serverlessclaw/[39mnode_modules/[4m.pnpm[24m/@vitest+runner@4.1.0/node_modules/[4m@vitest/runner[24m/dist/index.js:1627:10[90m)[39m
    at [90mfile:///Users/pengcao/projects/serverlessclaw/[39mnode_modules/[4m.pnpm[24m/@vitest+runner@4.1.0/node_modules/[4m@vitest/runner[24m/dist/index.js:2309:64

 [32m✓[39m dashboard/src/app/api/collaboration/route.test.ts [2m([22m[2m5 tests[22m[2m)[22m[32m 67[2mms[22m[39m
[90mstderr[2m | dashboard/src/app/api/reputation/route.test.ts[2m > [22m[2m/api/reputation[2m > [22m[2mshould return empty array on error
[22m[39mError fetching reputation: Error: DynamoDB error
    at [90m/Users/pengcao/projects/serverlessclaw/[39mdashboard/src/app/api/reputation/route.test.ts:100:40
    at [90mfile:///Users/pengcao/projects/serverlessclaw/[39mnode_modules/[4m.pnpm[24m/@vitest+runner@4.1.0/node_modules/[4m@vitest/runner[24m/dist/index.js:296:11
    at [90mfile:///Users/pengcao/projects/serverlessclaw/[39mnode_modules/[4m.pnpm[24m/@vitest+runner@4.1.0/node_modules/[4m@vitest/runner[24m/dist/index.js:1258:26
    at [90mfile:///Users/pengcao/projects/serverlessclaw/[39mnode_modules/[4m.pnpm[24m/@vitest+runner@4.1.0/node_modules/[4m@vitest/runner[24m/dist/index.js:1681:20
    at new Promise (<anonymous>)
    at runWithCancel [90m(file:///Users/pengcao/projects/serverlessclaw/[39mnode_modules/[4m.pnpm[24m/@vitest+runner@4.1.0/node_modules/[4m@vitest/runner[24m/dist/index.js:1678:10[90m)[39m
    at [90mfile:///Users/pengcao/projects/serverlessclaw/[39mnode_modules/[4m.pnpm[24m/@vitest+runner@4.1.0/node_modules/[4m@vitest/runner[24m/dist/index.js:1660:20
    at new Promise (<anonymous>)
    at runWithTimeout [90m(file:///Users/pengcao/projects/serverlessclaw/[39mnode_modules/[4m.pnpm[24m/@vitest+runner@4.1.0/node_modules/[4m@vitest/runner[24m/dist/index.js:1627:10[90m)[39m
    at [90mfile:///Users/pengcao/projects/serverlessclaw/[39mnode_modules/[4m.pnpm[24m/@vitest+runner@4.1.0/node_modules/[4m@vitest/runner[24m/dist/index.js:2309:64

 [32m✓[39m dashboard/src/app/api/reputation/route.test.ts [2m([22m[2m6 tests[22m[2m)[22m[32m 46[2mms[22m[39m
 [32m✓[39m core/lib/session/session-state.test.ts [2m([22m[2m11 tests[22m[2m)[22m[32m 9[2mms[22m[39m
 [32m✓[39m core/lib/lifecycle/error-recovery.test.ts [2m([22m[2m25 tests[22m[2m)[22m[32m 95[2mms[22m[39m
 [32m✓[39m core/agents/strategic-planner/council.test.ts [2m([22m[2m9 tests[22m[2m)[22m[32m 57[2mms[22m[39m
 [32m✓[39m core/handlers/health.test.ts [2m([22m[2m4 tests[22m[2m)[22m[32m 41[2mms[22m[39m
 [32m✓[39m core/handlers/events/parallel-task-completed-handler.test.ts [2m([22m[2m4 tests[22m[2m)[22m[32m 34[2mms[22m[39m
 [32m✓[39m core/handlers/monitor.test.ts [2m([22m[2m5 tests[22m[2m)[22m[32m 97[2mms[22m[39m
 [32m✓[39m core/lib/agent-memory.test.ts [2m([22m[2m3 tests[22m[2m)[22m[32m 38[2mms[22m[39m
 [32m✓[39m core/handlers/events/shared.test.ts [2m([22m[2m12 tests[22m[2m)[22m[32m 6[2mms[22m[39m
[90mstdout[2m | core/lib/agent.test.ts[2m > [22m[2mAgent Trace Propagation[2m > [22m[2mshould propagate trace context to tool arguments
[22m[39m[EXECUTOR] Calling tool: testTool | Args: {"traceId":"trace-123","nodeId":"node-456","parentId":"parent-789","executorAgentId":"test-agent","e

[90mstdout[2m | core/lib/agent.test.ts[2m > [22m[2mAgent Trace Propagation[2m > [22m[2mshould propagate trace context to tool arguments
[22m[39m[EXECUTOR] Tool Result: testTool | Success: true

[90mstdout[2m | core/lib/agent.test.ts[2m > [22m[2mAgent Trace Propagation[2m > [22m[2mshould handle ToolResult objects returned from tools
[22m[39m[EXECUTOR] Calling tool: multiModalTool | Args: {"traceId":"mock-trace-id","nodeId":"root","executorAgentId":"test","executorAgentName":"Test","init

[90mstdout[2m | core/lib/agent.test.ts[2m > [22m[2mAgent Trace Propagation[2m > [22m[2mshould handle ToolResult objects returned from tools
[22m[39m[EXECUTOR] Tool Result: multiModalTool | Success: true

 [32m✓[39m core/lib/agent.test.ts [2m([22m[2m7 tests[22m[2m)[22m[32m 43[2mms[22m[39m
[90mstderr[2m | dashboard/src/app/api/agents/route.test.ts[2m > [22m[2mAgents API Route[2m > [22m[2mGET[2m > [22m[2mreturns 500 on error
[22m[39mFailed to fetch agents: Error: DynamoDB error
    at [90m/Users/pengcao/projects/serverlessclaw/[39mdashboard/src/app/api/agents/route.test.ts:61:43
    at [90mfile:///Users/pengcao/projects/serverlessclaw/[39mnode_modules/[4m.pnpm[24m/@vitest+runner@4.1.0/node_modules/[4m@vitest/runner[24m/dist/index.js:296:11
    at [90mfile:///Users/pengcao/projects/serverlessclaw/[39mnode_modules/[4m.pnpm[24m/@vitest+runner@4.1.0/node_modules/[4m@vitest/runner[24m/dist/index.js:1258:26
    at [90mfile:///Users/pengcao/projects/serverlessclaw/[39mnode_modules/[4m.pnpm[24m/@vitest+runner@4.1.0/node_modules/[4m@vitest/runner[24m/dist/index.js:1681:20
    at new Promise (<anonymous>)
    at runWithCancel [90m(file:///Users/pengcao/projects/serverlessclaw/[39mnode_modules/[4m.pnpm[24m/@vitest+runner@4.1.0/node_modules/[4m@vitest/runner[24m/dist/index.js:1678:10[90m)[39m
    at [90mfile:///Users/pengcao/projects/serverlessclaw/[39mnode_modules/[4m.pnpm[24m/@vitest+runner@4.1.0/node_modules/[4m@vitest/runner[24m/dist/index.js:1660:20
    at new Promise (<anonymous>)
    at runWithTimeout [90m(file:///Users/pengcao/projects/serverlessclaw/[39mnode_modules/[4m.pnpm[24m/@vitest+runner@4.1.0/node_modules/[4m@vitest/runner[24m/dist/index.js:1627:10[90m)[39m
    at [90mfile:///Users/pengcao/projects/serverlessclaw/[39mnode_modules/[4m.pnpm[24m/@vitest+runner@4.1.0/node_modules/[4m@vitest/runner[24m/dist/index.js:2309:64

[90mstderr[2m | dashboard/src/app/api/agents/route.test.ts[2m > [22m[2mAgents API Route[2m > [22m[2mPOST[2m > [22m[2mreturns 500 on DynamoDB error
[22m[39mError updating agents config: Error: Write failed
    at [90m/Users/pengcao/projects/serverlessclaw/[39mdashboard/src/app/api/agents/route.test.ts:90:34
    at [90mfile:///Users/pengcao/projects/serverlessclaw/[39mnode_modules/[4m.pnpm[24m/@vitest+runner@4.1.0/node_modules/[4m@vitest/runner[24m/dist/index.js:296:11
    at [90mfile:///Users/pengcao/projects/serverlessclaw/[39mnode_modules/[4m.pnpm[24m/@vitest+runner@4.1.0/node_modules/[4m@vitest/runner[24m/dist/index.js:1258:26
    at [90mfile:///Users/pengcao/projects/serverlessclaw/[39mnode_modules/[4m.pnpm[24m/@vitest+runner@4.1.0/node_modules/[4m@vitest/runner[24m/dist/index.js:1681:20
    at new Promise (<anonymous>)
    at runWithCancel [90m(file:///Users/pengcao/projects/serverlessclaw/[39mnode_modules/[4m.pnpm[24m/@vitest+runner@4.1.0/node_modules/[4m@vitest/runner[24m/dist/index.js:1678:10[90m)[39m
    at [90mfile:///Users/pengcao/projects/serverlessclaw/[39mnode_modules/[4m.pnpm[24m/@vitest+runner@4.1.0/node_modules/[4m@vitest/runner[24m/dist/index.js:1660:20
    at new Promise (<anonymous>)
    at runWithTimeout [90m(file:///Users/pengcao/projects/serverlessclaw/[39mnode_modules/[4m.pnpm[24m/@vitest+runner@4.1.0/node_modules/[4m@vitest/runner[24m/dist/index.js:1627:10[90m)[39m
    at [90mfile:///Users/pengcao/projects/serverlessclaw/[39mnode_modules/[4m.pnpm[24m/@vitest+runner@4.1.0/node_modules/[4m@vitest/runner[24m/dist/index.js:2309:64

 [32m✓[39m dashboard/src/app/api/agents/route.test.ts [2m([22m[2m10 tests[22m[2m)[22m[32m 39[2mms[22m[39m
[90mstdout[2m | scripts/dev/test-affected.test.ts[2m > [22m[2mTestImpactAnalyzer[2m > [22m[2mfindAffectedTests[2m > [22m[2mshould detect directly affected test files
[22m[39mBuilding dependency graph...
Finding test files...
Found 1 test files

[90mstdout[2m | scripts/dev/test-affected.test.ts[2m > [22m[2mTestImpactAnalyzer[2m > [22m[2mfindAffectedTests[2m > [22m[2mshould detect transitive dependents
[22m[39mBuilding dependency graph...
Finding test files...
Found 1 test files

[90mstdout[2m | scripts/dev/test-affected.test.ts[2m > [22m[2mTestImpactAnalyzer[2m > [22m[2mfindAffectedTests[2m > [22m[2mshould return empty when no tests are affected
[22m[39mBuilding dependency graph...
Finding test files...
Found 1 test files

 [32m✓[39m scripts/dev/test-affected.test.ts [2m([22m[2m28 tests[22m[2m)[22m[32m 43[2mms[22m[39m
[90mstderr[2m | dashboard/src/app/api/locks/route.test.ts[2m > [22m[2mLocks API Route[2m > [22m[2mGET[2m > [22m[2mreturns 500 on error
[22m[39mError fetching locks: Error: DynamoDB error
    at [90m/Users/pengcao/projects/serverlessclaw/[39mdashboard/src/app/api/locks/route.test.ts:65:34
    at [90mfile:///Users/pengcao/projects/serverlessclaw/[39mnode_modules/[4m.pnpm[24m/@vitest+runner@4.1.0/node_modules/[4m@vitest/runner[24m/dist/index.js:296:11
    at [90mfile:///Users/pengcao/projects/serverlessclaw/[39mnode_modules/[4m.pnpm[24m/@vitest+runner@4.1.0/node_modules/[4m@vitest/runner[24m/dist/index.js:1258:26
    at [90mfile:///Users/pengcao/projects/serverlessclaw/[39mnode_modules/[4m.pnpm[24m/@vitest+runner@4.1.0/node_modules/[4m@vitest/runner[24m/dist/index.js:1681:20
    at new Promise (<anonymous>)
    at runWithCancel [90m(file:///Users/pengcao/projects/serverlessclaw/[39mnode_modules/[4m.pnpm[24m/@vitest+runner@4.1.0/node_modules/[4m@vitest/runner[24m/dist/index.js:1678:10[90m)[39m
    at [90mfile:///Users/pengcao/projects/serverlessclaw/[39mnode_modules/[4m.pnpm[24m/@vitest+runner@4.1.0/node_modules/[4m@vitest/runner[24m/dist/index.js:1660:20
    at new Promise (<anonymous>)
    at runWithTimeout [90m(file:///Users/pengcao/projects/serverlessclaw/[39mnode_modules/[4m.pnpm[24m/@vitest+runner@4.1.0/node_modules/[4m@vitest/runner[24m/dist/index.js:1627:10[90m)[39m
    at [90mfile:///Users/pengcao/projects/serverlessclaw/[39mnode_modules/[4m.pnpm[24m/@vitest+runner@4.1.0/node_modules/[4m@vitest/runner[24m/dist/index.js:2309:64

[90mstderr[2m | dashboard/src/app/api/locks/route.test.ts[2m > [22m[2mLocks API Route[2m > [22m[2mDELETE[2m > [22m[2mreturns 500 on DynamoDB error
[22m[39mError releasing lock: Error: Delete failed
    at [90m/Users/pengcao/projects/serverlessclaw/[39mdashboard/src/app/api/locks/route.test.ts:105:34
    at [90mfile:///Users/pengcao/projects/serverlessclaw/[39mnode_modules/[4m.pnpm[24m/@vitest+runner@4.1.0/node_modules/[4m@vitest/runner[24m/dist/index.js:296:11
    at [90mfile:///Users/pengcao/projects/serverlessclaw/[39mnode_modules/[4m.pnpm[24m/@vitest+runner@4.1.0/node_modules/[4m@vitest/runner[24m/dist/index.js:1258:26
    at [90mfile:///Users/pengcao/projects/serverlessclaw/[39mnode_modules/[4m.pnpm[24m/@vitest+runner@4.1.0/node_modules/[4m@vitest/runner[24m/dist/index.js:1681:20
    at new Promise (<anonymous>)
    at runWithCancel [90m(file:///Users/pengcao/projects/serverlessclaw/[39mnode_modules/[4m.pnpm[24m/@vitest+runner@4.1.0/node_modules/[4m@vitest/runner[24m/dist/index.js:1678:10[90m)[39m
    at [90mfile:///Users/pengcao/projects/serverlessclaw/[39mnode_modules/[4m.pnpm[24m/@vitest+runner@4.1.0/node_modules/[4m@vitest/runner[24m/dist/index.js:1660:20
    at new Promise (<anonymous>)
    at runWithTimeout [90m(file:///Users/pengcao/projects/serverlessclaw/[39mnode_modules/[4m.pnpm[24m/@vitest+runner@4.1.0/node_modules/[4m@vitest/runner[24m/dist/index.js:1627:10[90m)[39m
    at [90mfile:///Users/pengcao/projects/serverlessclaw/[39mnode_modules/[4m.pnpm[24m/@vitest+runner@4.1.0/node_modules/[4m@vitest/runner[24m/dist/index.js:2309:64

 [32m✓[39m dashboard/src/app/api/locks/route.test.ts [2m([22m[2m6 tests[22m[2m)[22m[32m 40[2mms[22m[39m
 [32m✓[39m core/lib/agent/executor.session.test.ts [2m([22m[2m3 tests[22m[2m)[22m[32m 46[2mms[22m[39m
 [32m✓[39m core/tests/trace-dag-validation.test.ts [2m([22m[2m10 tests[22m[2m)[22m[32m 37[2mms[22m[39m
 [32m✓[39m core/lib/safety/circuit-breaker.test.ts [2m([22m[2m6 tests[22m[2m)[22m[32m 27[2mms[22m[39m
[90mstdout[2m | core/lib/safety/safety-engine.test.ts[2m > [22m[2mSafetyEngine[2m > [22m[2mTier-based approval[2m > [22m[2mshould require no approvals in AUTONOMOUS tier
[22m[39mcheckRateLimits called {
  action: [32m'code_change'[39m,
  maxDeploymentsPerDay: [33m10[39m,
  maxShellCommandsPerHour: [33m200[39m,
  maxFileWritesPerHour: [33m500[39m
}

[90mstdout[2m | core/lib/safety/safety-engine.test.ts[2m > [22m[2mSafetyEngine[2m > [22m[2mTier-based approval[2m > [22m[2mshould require no approvals in AUTONOMOUS tier
[22m[39mcheckRateLimits called {
  action: [32m'deployment'[39m,
  maxDeploymentsPerDay: [33m10[39m,
  maxShellCommandsPerHour: [33m200[39m,
  maxFileWritesPerHour: [33m500[39m
}

[90mstdout[2m | core/lib/safety/safety-engine.test.ts[2m > [22m[2mSafetyEngine[2m > [22m[2mTier-based approval[2m > [22m[2mshould require no approvals in AUTONOMOUS tier
[22m[39mcheckRateLimits called {
  action: [32m'file_operation'[39m,
  maxDeploymentsPerDay: [33m10[39m,
  maxShellCommandsPerHour: [33m200[39m,
  maxFileWritesPerHour: [33m500[39m
}

[90mstdout[2m | core/lib/safety/safety-engine.test.ts[2m > [22m[2mSafetyEngine[2m > [22m[2mTier-based approval[2m > [22m[2mshould require no approvals in AUTONOMOUS tier
[22m[39mcheckRateLimits called {
  action: [32m'shell_command'[39m,
  maxDeploymentsPerDay: [33m10[39m,
  maxShellCommandsPerHour: [33m200[39m,
  maxFileWritesPerHour: [33m500[39m
}

[90mstdout[2m | core/lib/safety/safety-engine.test.ts[2m > [22m[2mSafetyEngine[2m > [22m[2mResource-level controls[2m > [22m[2mshould allow access to regular source files
[22m[39mcheckRateLimits called {
  action: [32m'file_operation'[39m,
  maxDeploymentsPerDay: [33m10[39m,
  maxShellCommandsPerHour: [33m200[39m,
  maxFileWritesPerHour: [33m500[39m
}

[90mstdout[2m | core/lib/safety/safety-engine.test.ts[2m > [22m[2mSafetyEngine[2m > [22m[2mTool-specific overrides[2m > [22m[2mshould remove tool override
[22m[39mcheckRateLimits called {
  action: [32m'code_change'[39m,
  maxDeploymentsPerDay: [33m10[39m,
  maxShellCommandsPerHour: [33m200[39m,
  maxFileWritesPerHour: [33m500[39m
}

[90mstdout[2m | core/lib/safety/safety-engine.test.ts[2m > [22m[2mSafetyEngine[2m > [22m[2mRate limiting[2m > [22m[2mshould enforce deployment daily limits
[22m[39mcheckRateLimits called {
  action: [32m'deployment'[39m,
  maxDeploymentsPerDay: [33m2[39m,
  maxShellCommandsPerHour: [33m200[39m,
  maxFileWritesPerHour: [33m500[39m
}

[90mstdout[2m | core/lib/safety/safety-engine.test.ts[2m > [22m[2mSafetyEngine[2m > [22m[2mRate limiting[2m > [22m[2mshould enforce deployment daily limits
[22m[39mcheckRateLimits called {
  action: [32m'deployment'[39m,
  maxDeploymentsPerDay: [33m2[39m,
  maxShellCommandsPerHour: [33m200[39m,
  maxFileWritesPerHour: [33m500[39m
}

[90mstdout[2m | core/lib/safety/safety-engine.test.ts[2m > [22m[2mSafetyEngine[2m > [22m[2mRate limiting[2m > [22m[2mshould enforce deployment daily limits
[22m[39mcheckRateLimits called {
  action: [32m'deployment'[39m,
  maxDeploymentsPerDay: [33m2[39m,
  maxShellCommandsPerHour: [33m200[39m,
  maxFileWritesPerHour: [33m500[39m
}

[90mstdout[2m | core/lib/safety/safety-engine.test.ts[2m > [22m[2mSafetyEngine[2m > [22m[2mRate limiting[2m > [22m[2mshould enforce shell command hourly limits
[22m[39mcheckRateLimits called {
  action: [32m'shell_command'[39m,
  maxDeploymentsPerDay: [33m10[39m,
  maxShellCommandsPerHour: [33m2[39m,
  maxFileWritesPerHour: [33m500[39m
}

[90mstdout[2m | core/lib/safety/safety-engine.test.ts[2m > [22m[2mSafetyEngine[2m > [22m[2mRate limiting[2m > [22m[2mshould enforce shell command hourly limits
[22m[39mcheckRateLimits called {
  action: [32m'shell_command'[39m,
  maxDeploymentsPerDay: [33m10[39m,
  maxShellCommandsPerHour: [33m2[39m,
  maxFileWritesPerHour: [33m500[39m
}

[90mstdout[2m | core/lib/safety/safety-engine.test.ts[2m > [22m[2mSafetyEngine[2m > [22m[2mRate limiting[2m > [22m[2mshould enforce shell command hourly limits
[22m[39mcheckRateLimits called {
  action: [32m'shell_command'[39m,
  maxDeploymentsPerDay: [33m10[39m,
  maxShellCommandsPerHour: [33m2[39m,
  maxFileWritesPerHour: [33m500[39m
}

[90mstdout[2m | core/lib/safety/safety-engine.test.ts[2m > [22m[2mSafetyEngine[2m > [22m[2mRate limiting[2m > [22m[2mshould enforce file write hourly limits
[22m[39mcheckRateLimits called {
  action: [32m'file_operation'[39m,
  maxDeploymentsPerDay: [33m10[39m,
  maxShellCommandsPerHour: [33m200[39m,
  maxFileWritesPerHour: [33m1[39m
}

[90mstdout[2m | core/lib/safety/safety-engine.test.ts[2m > [22m[2mSafetyEngine[2m > [22m[2mRate limiting[2m > [22m[2mshould enforce file write hourly limits
[22m[39mcheckRateLimits called {
  action: [32m'file_operation'[39m,
  maxDeploymentsPerDay: [33m10[39m,
  maxShellCommandsPerHour: [33m200[39m,
  maxFileWritesPerHour: [33m1[39m
}

 [32m✓[39m core/lib/safety/safety-engine.test.ts [2m([22m[2m23 tests[22m[2m)[22m[32m 26[2mms[22m[39m
 [32m✓[39m core/lib/agent.stream.test.ts [2m([22m[2m7 tests[22m[2m)[22m[32m 23[2mms[22m[39m
 [32m✓[39m dashboard/src/app/api/auth/login/route.test.ts [2m([22m[2m3 tests[22m[2m)[22m[32m 26[2mms[22m[39m
 [32m✓[39m core/lib/providers/attachments.test.ts [2m([22m[2m3 tests[22m[2m)[22m[32m 12[2mms[22m[39m
 [32m✓[39m core/lib/memory/tiering.test.ts [2m([22m[2m12 tests[22m[2m)[22m[32m 5[2mms[22m[39m
[90mstdout[2m | core/lib/agent/executor.stream.test.ts[2m > [22m[2mAgentExecutor.streamLoop[2m > [22m[2mshould execute tool calls and continue the loop to get final response
[22m[39m[EXECUTOR] Calling tool: test_tool | Args: {"traceId":"trace-123","nodeId":"node-1","executorAgentId":"test-agent","executorAgentName":"Test Ag

[90mstdout[2m | core/lib/agent/executor.stream.test.ts[2m > [22m[2mAgentExecutor.streamLoop[2m > [22m[2mshould execute tool calls and continue the loop to get final response
[22m[39m[EXECUTOR] Tool Result: test_tool | Success: true

 [32m✓[39m core/lib/agent/executor.stream.test.ts [2m([22m[2m5 tests[22m[2m)[22m[32m 11[2mms[22m[39m
 [32m✓[39m core/tools/knowledge/agent.test.ts [2m([22m[2m9 tests[22m[2m)[22m[32m 16[2mms[22m[39m
 [32m✓[39m core/agents/superclaw.test.ts [2m([22m[2m6 tests[22m[2m)[22m[32m 24[2mms[22m[39m
[90mstderr[2m | core/lib/utils/metadata.test.ts[2m > [22m[2mextractMetadata[2m > [22m[2mshould return defaults for invalid metadata
[22m[39mMetadata validation failed, returning defaults: ZodError: [
  {
    "expected": "number",
    "code": "invalid_type",
    "path": [
      "count"
    ],
    "message": "Invalid input: expected number, received string"
  }
]
    at Module.extractMetadata [90m(/Users/pengcao/projects/serverlessclaw/[39mcore/lib/utils/metadata.ts:20:19[90m)[39m
    at [90m/Users/pengcao/projects/serverlessclaw/[39mcore/lib/utils/metadata.test.ts:76:20
    at [90mfile:///Users/pengcao/projects/serverlessclaw/[39mnode_modules/[4m.pnpm[24m/@vitest+runner@4.1.0/node_modules/[4m@vitest/runner[24m/dist/index.js:296:11
    at [90mfile:///Users/pengcao/projects/serverlessclaw/[39mnode_modules/[4m.pnpm[24m/@vitest+runner@4.1.0/node_modules/[4m@vitest/runner[24m/dist/index.js:1258:26
    at [90mfile:///Users/pengcao/projects/serverlessclaw/[39mnode_modules/[4m.pnpm[24m/@vitest+runner@4.1.0/node_modules/[4m@vitest/runner[24m/dist/index.js:1681:20
    at new Promise (<anonymous>)
    at runWithCancel [90m(file:///Users/pengcao/projects/serverlessclaw/[39mnode_modules/[4m.pnpm[24m/@vitest+runner@4.1.0/node_modules/[4m@vitest/runner[24m/dist/index.js:1678:10[90m)[39m
    at [90mfile:///Users/pengcao/projects/serverlessclaw/[39mnode_modules/[4m.pnpm[24m/@vitest+runner@4.1.0/node_modules/[4m@vitest/runner[24m/dist/index.js:1660:20
    at new Promise (<anonymous>)
    at runWithTimeout [90m(file:///Users/pengcao/projects/serverlessclaw/[39mnode_modules/[4m.pnpm[24m/@vitest+runner@4.1.0/node_modules/[4m@vitest/runner[24m/dist/index.js:1627:10[90m)[39m

 [32m✓[39m core/lib/utils/metadata.test.ts [2m([22m[2m11 tests[22m[2m)[22m[32m 7[2mms[22m[39m
 [32m✓[39m core/handlers/mcp-warmup.test.ts [2m([22m[2m5 tests[22m[2m)[22m[32m 14[2mms[22m[39m
 [32m✓[39m core/handlers/events/task-result-handler.test.ts [2m([22m[2m14 tests[22m[2m)[22m[32m 12[2mms[22m[39m
 [32m✓[39m core/lib/providers/bedrock.test.ts [2m([22m[2m5 tests[22m[2m)[22m[32m 7[2mms[22m[39m
 [32m✓[39m core/lib/metrics/token-usage.test.ts [2m([22m[2m3 tests[22m[2m)[22m[32m 4[2mms[22m[39m
 [32m✓[39m core/lib/utils/pii.test.ts [2m([22m[2m5 tests[22m[2m)[22m[32m 3[2mms[22m[39m
 [32m✓[39m core/lib/memory/insight-operations.test.ts [2m([22m[2m7 tests[22m[2m)[22m[32m 41[2mms[22m[39m
 [32m✓[39m core/lib/memory/integration.test.ts [2m([22m[2m5 tests[22m[2m)[22m[32m 18[2mms[22m[39m
 [32m✓[39m core/lib/metrics/cognitive-metrics.test.ts [2m([22m[2m33 tests[22m[2m)[22m[32m 16[2mms[22m[39m
 [32m✓[39m core/lib/memory/scope.test.ts [2m([22m[2m2 tests[22m[2m)[22m[32m 19[2mms[22m[39m
 [32m✓[39m core/tools/knowledge/storage.test.ts [2m([22m[2m18 tests[22m[2m)[22m[32m 17[2mms[22m[39m
[90mstderr[2m | dashboard/src/lib/api-handler.test.ts[2m > [22m[2mapi-handler[2m > [22m[2mwithApiHandler[2m > [22m[2mreturns 500 for unexpected errors
[22m[39mAPI Error: Error: Unexpected failure
    at [90m/Users/pengcao/projects/serverlessclaw/[39mdashboard/src/lib/api-handler.test.ts:79:15
    at [90m/Users/pengcao/projects/serverlessclaw/[39mdashboard/src/lib/api-handler.ts:44:28
[90m    at processTicksAndRejections (node:internal/process/task_queues:104:5)[39m
    at [90m/Users/pengcao/projects/serverlessclaw/[39mdashboard/src/lib/api-handler.test.ts:87:19
    at [90mfile:///Users/pengcao/projects/serverlessclaw/[39mnode_modules/[4m.pnpm[24m/@vitest+runner@4.1.0/node_modules/[4m@vitest/runner[24m/dist/index.js:1258:20

 [32m✓[39m dashboard/src/lib/api-handler.test.ts [2m([22m[2m17 tests[22m[2m)[22m[32m 15[2mms[22m[39m
 [32m✓[39m core/lib/utils/agent-helpers/llm-utils.test.ts [2m([22m[2m16 tests[22m[2m)[22m[32m 8[2mms[22m[39m
 [32m✓[39m core/handlers/events/parallel-handler.test.ts [2m([22m[2m9 tests[22m[2m)[22m[32m 11[2mms[22m[39m
 [32m✓[39m core/tests/contract.test.ts [2m([22m[2m45 tests[22m[2m)[22m[32m 12[2mms[22m[39m
 [32m✓[39m core/lib/handoff.test.ts [2m([22m[2m4 tests[22m[2m)[22m[32m 11[2mms[22m[39m
 [32m✓[39m core/lib/memory/dynamo-memory.test.ts [2m([22m[2m8 tests[22m[2m)[22m[32m 12[2mms[22m[39m
 [32m✓[39m core/lib/memory/cache.test.ts [2m([22m[2m24 tests[22m[2m)[22m[32m 13[2mms[22m[39m
 [32m✓[39m core/lib/memory/session-operations.test.ts [2m([22m[2m20 tests[22m[2m)[22m[32m 11[2mms[22m[39m
 [32m✓[39m core/lib/metrics/deploy-stats.test.ts [2m([22m[2m10 tests[22m[2m)[22m[32m 6[2mms[22m[39m
 [32m✓[39m core/lib/session/identity.test.ts [2m([22m[2m41 tests[22m[2m)[22m[32m 13[2mms[22m[39m
 [32m✓[39m core/lib/handoff-ignore.test.ts [2m([22m[2m3 tests[22m[2m)[22m[32m 11[2mms[22m[39m
 [32m✓[39m dashboard/src/components/Chat/message-handler.test.ts [2m([22m[2m20 tests[22m[2m)[22m[32m 5[2mms[22m[39m
 [32m✓[39m core/tests/evolution-loop.integration.test.ts [2m([22m[2m16 tests[22m[2m)[22m[32m 7[2mms[22m[39m
 [32m✓[39m core/lib/memory/gap-operations.test.ts [2m([22m[2m21 tests[22m[2m)[22m[32m 13[2mms[22m[39m
 [32m✓[39m dashboard/src/app/api/pending-messages/route.test.ts [2m([22m[2m7 tests[22m[2m)[22m[32m 8[2mms[22m[39m
 [32m✓[39m core/lib/lock.test.ts [2m([22m[2m4 tests[22m[2m)[22m[32m 6[2mms[22m[39m
 [32m✓[39m core/lib/mcp/client-manager.test.ts [2m([22m[2m8 tests[22m[2m)[22m[32m 9[2mms[22m[39m
 [32m✓[39m core/handlers/heartbeat.test.ts [2m([22m[2m2 tests[22m[2m)[22m[32m 12[2mms[22m[39m
 [32m✓[39m core/lib/agent/context-manager.test.ts [2m([22m[2m29 tests[22m[2m)[22m[32m 8[2mms[22m[39m
[90mstderr[2m | dashboard/src/lib/tool-utils.test.ts[2m > [22m[2mtool-utils[2m > [22m[2mgetToolUsage[2m > [22m[2mreturns empty object on error
[22m[39mError fetching tool usage: Error: DB error
    at [90m/Users/pengcao/projects/serverlessclaw/[39mdashboard/src/lib/tool-utils.test.ts:47:9
[90m    at processTicksAndRejections (node:internal/process/task_queues:104:5)[39m
    at [90mfile:///Users/pengcao/projects/serverlessclaw/[39mnode_modules/[4m.pnpm[24m/@vitest+runner@4.1.0/node_modules/[4m@vitest/runner[24m/dist/index.js:1258:20

[90mstderr[2m | dashboard/src/lib/tool-utils.test.ts[2m > [22m[2mtool-utils[2m > [22m[2mgetAllTools[2m > [22m[2mreturns local tools with usage stats
[22m[39mError fetching all tools: TypeError: Cannot read properties of undefined (reading 'map')
    at Module.getAllTools [90m(/Users/pengcao/projects/serverlessclaw/[39mdashboard/src/lib/tool-utils.ts:64:47[90m)[39m
[90m    at processTicksAndRejections (node:internal/process/task_queues:104:5)[39m
    at [90m/Users/pengcao/projects/serverlessclaw/[39mdashboard/src/lib/tool-utils.test.ts:74:22
    at [90mfile:///Users/pengcao/projects/serverlessclaw/[39mnode_modules/[4m.pnpm[24m/@vitest+runner@4.1.0/node_modules/[4m@vitest/runner[24m/dist/index.js:1258:20

 [32m✓[39m dashboard/src/components/Chat/dedup.test.ts [2m([22m[2m12 tests[22m[2m)[22m[32m 3[2mms[22m[39m
[90mstderr[2m | dashboard/src/lib/tool-utils.test.ts[2m > [22m[2mtool-utils[2m > [22m[2mgetAllTools[2m > [22m[2mreturns only local tools on error
[22m[39mError fetching all tools: Error: MCP error
    at [90m/Users/pengcao/projects/serverlessclaw/[39mdashboard/src/lib/tool-utils.test.ts:150:9
[90m    at processTicksAndRejections (node:internal/process/task_queues:104:5)[39m
    at [90mfile:///Users/pengcao/projects/serverlessclaw/[39mnode_modules/[4m.pnpm[24m/@vitest+runner@4.1.0/node_modules/[4m@vitest/runner[24m/dist/index.js:1258:20

 [32m✓[39m dashboard/src/lib/tool-utils.test.ts [2m([22m[2m8 tests[22m[2m)[22m[32m 10[2mms[22m[39m
 [32m✓[39m core/lib/feature-flags.test.ts [2m([22m[2m12 tests[22m[2m)[22m[32m 5[2mms[22m[39m
 [32m✓[39m core/lib/memory/utils.test.ts [2m([22m[2m21 tests[22m[2m)[22m[32m 7[2mms[22m[39m
[90mstdout[2m | core/handlers/bridge.test.ts[2m > [22m[2mRealtimeBridge Handler[2m > [22m[2mpublishes chunk events to the session-specific IoT topic
[22m[39m[RealtimeBridge] Received event: chunk

[90mstdout[2m | core/handlers/bridge.test.ts[2m > [22m[2mRealtimeBridge Handler[2m > [22m[2mpublishes chunk events to the session-specific IoT topic
[22m[39m[RealtimeBridge] Routing chunk: User=dashboard-user | Session=sess-1 | Collab=undefined | WS=undefined
[RealtimeBridge] Content: "Hello world"

[90mstdout[2m | core/handlers/bridge.test.ts[2m > [22m[2mRealtimeBridge Handler[2m > [22m[2mpublishes chunk events to the session-specific IoT topic
[22m[39m[RealtimeBridge] Successfully published to users/dashboard-user/sessions/sess-1/signal

[90mstdout[2m | core/handlers/bridge.test.ts[2m > [22m[2mRealtimeBridge Handler[2m > [22m[2mfalls back to user signal topic when sessionId is missing
[22m[39m[RealtimeBridge] Received event: chunk

[90mstdout[2m | core/handlers/bridge.test.ts[2m > [22m[2mRealtimeBridge Handler[2m > [22m[2mfalls back to user signal topic when sessionId is missing
[22m[39m[RealtimeBridge] Routing chunk: User=dashboard-user | Session=undefined | Collab=undefined | WS=undefined
[RealtimeBridge] Content: "Hello world"

[90mstdout[2m | core/handlers/bridge.test.ts[2m > [22m[2mRealtimeBridge Handler[2m > [22m[2mfalls back to user signal topic when sessionId is missing
[22m[39m[RealtimeBridge] Successfully published to users/dashboard-user/signal

[90mstdout[2m | core/handlers/bridge.test.ts[2m > [22m[2mRealtimeBridge Handler[2m > [22m[2msanitizes userId with MQTT-unsafe characters
[22m[39m[RealtimeBridge] Received event: chunk

[90mstdout[2m | core/handlers/bridge.test.ts[2m > [22m[2mRealtimeBridge Handler[2m > [22m[2msanitizes userId with MQTT-unsafe characters
[22m[39m[RealtimeBridge] Routing chunk: User=user+with#special | Session=sess-1 | Collab=undefined | WS=undefined
[RealtimeBridge] Content: "Hello world"

[90mstdout[2m | core/handlers/bridge.test.ts[2m > [22m[2mRealtimeBridge Handler[2m > [22m[2msanitizes userId with MQTT-unsafe characters
[22m[39m[RealtimeBridge] Successfully published to users/user_with_special/sessions/sess-1/signal

[90mstdout[2m | core/handlers/bridge.test.ts[2m > [22m[2mRealtimeBridge Handler[2m > [22m[2mdefaults userId to dashboard-user when missing
[22m[39m[RealtimeBridge] Received event: chunk

[90mstdout[2m | core/handlers/bridge.test.ts[2m > [22m[2mRealtimeBridge Handler[2m > [22m[2mdefaults userId to dashboard-user when missing
[22m[39m[RealtimeBridge] Routing chunk: User=dashboard-user | Session=sess-1 | Collab=undefined | WS=undefined
[RealtimeBridge] Content: "Hello world"

[90mstdout[2m | core/handlers/bridge.test.ts[2m > [22m[2mRealtimeBridge Handler[2m > [22m[2mdefaults userId to dashboard-user when missing
[22m[39m[RealtimeBridge] Successfully published to users/dashboard-user/sessions/sess-1/signal

[90mstdout[2m | core/handlers/bridge.test.ts[2m > [22m[2mRealtimeBridge Handler[2m > [22m[2mnormalizes userId with CONV# prefix for MQTT topics
[22m[39m[RealtimeBridge] Received event: chunk

[90mstdout[2m | core/handlers/bridge.test.ts[2m > [22m[2mRealtimeBridge Handler[2m > [22m[2mnormalizes userId with CONV# prefix for MQTT topics
[22m[39m[RealtimeBridge] Routing chunk: User=CONV#dashboard-user#sess-1 | Session=sess-1 | Collab=undefined | WS=undefined
[RealtimeBridge] Content: "Hello world"

[90mstdout[2m | core/handlers/bridge.test.ts[2m > [22m[2mRealtimeBridge Handler[2m > [22m[2mnormalizes userId with CONV# prefix for MQTT topics
[22m[39m[RealtimeBridge] Successfully published to users/dashboard-user/sessions/sess-1/signal

[90mstderr[2m | core/handlers/bridge.test.ts[2m > [22m[2mRealtimeBridge Handler[2m > [22m[2mdoes not publish when event schema validation fails
[22m[39m[RealtimeBridge] Invalid bridge event payload: ZodError: [
  {
    "expected": "string",
    "code": "invalid_type",
    "path": [
      "detail",
      "userId"
    ],
    "message": "Invalid input: expected string, received number"
  }
]
    at new ZodError [90m(file:///Users/pengcao/projects/serverlessclaw/[39mnode_modules/[4m.pnpm[24m/zod@4.3.6/node_modules/[4mzod[24m/v4/core/core.js:39:39[90m)[39m
    at Module.<anonymous> [90m(file:///Users/pengcao/projects/serverlessclaw/[39mnode_modules/[4m.pnpm[24m/zod@4.3.6/node_modules/[4mzod[24m/v4/core/parse.js:40:20[90m)[39m
    at _.inst.safeParse [90m(file:///Users/pengcao/projects/serverlessclaw/[39mnode_modules/[4m.pnpm[24m/zod@4.3.6/node_modules/[4mzod[24m/v4/classic/schemas.js:40:46[90m)[39m
    at Module.handler [90m(/Users/pengcao/projects/serverlessclaw/[39mcore/handlers/bridge.ts:15:49[90m)[39m
    at [90m/Users/pengcao/projects/serverlessclaw/[39mcore/handlers/bridge.test.ts:100:11
    at [90mfile:///Users/pengcao/projects/serverlessclaw/[39mnode_modules/[4m.pnpm[24m/@vitest+runner@4.1.0/node_modules/[4m@vitest/runner[24m/dist/index.js:296:11
    at [90mfile:///Users/pengcao/projects/serverlessclaw/[39mnode_modules/[4m.pnpm[24m/@vitest+runner@4.1.0/node_modules/[4m@vitest/runner[24m/dist/index.js:1258:26
    at [90mfile:///Users/pengcao/projects/serverlessclaw/[39mnode_modules/[4m.pnpm[24m/@vitest+runner@4.1.0/node_modules/[4m@vitest/runner[24m/dist/index.js:1681:20
    at new Promise (<anonymous>)
    at runWithCancel [90m(file:///Users/pengcao/projects/serverlessclaw/[39mnode_modules/[4m.pnpm[24m/@vitest+runner@4.1.0/node_modules/[4m@vitest/runner[24m/dist/index.js:1678:10[90m)[39m

[90mstdout[2m | core/handlers/bridge.test.ts[2m > [22m[2mRealtimeBridge Handler[2m > [22m[2mpasses thought chunks through to IoT Core unchanged
[22m[39m[RealtimeBridge] Received event: chunk

[90mstdout[2m | core/handlers/bridge.test.ts[2m > [22m[2mRealtimeBridge Handler[2m > [22m[2mpasses thought chunks through to IoT Core unchanged
[22m[39m[RealtimeBridge] Routing chunk: User=dashboard-user | Session=sess-1 | Collab=undefined | WS=undefined
[RealtimeBridge] Content: "Let me think..." (thought)

[90mstdout[2m | core/handlers/bridge.test.ts[2m > [22m[2mRealtimeBridge Handler[2m > [22m[2mpasses thought chunks through to IoT Core unchanged
[22m[39m[RealtimeBridge] Successfully published to users/dashboard-user/sessions/sess-1/signal

[90mstdout[2m | core/handlers/bridge.test.ts[2m > [22m[2mRealtimeBridge Handler[2m > [22m[2mroutes to collaboration topic when collaborationId is present
[22m[39m[RealtimeBridge] Received event: chunk

[90mstdout[2m | core/handlers/bridge.test.ts[2m > [22m[2mRealtimeBridge Handler[2m > [22m[2mroutes to collaboration topic when collaborationId is present
[22m[39m[RealtimeBridge] Routing chunk: User=dashboard-user | Session=sess-1 | Collab=collab-123 | WS=undefined
[RealtimeBridge] Content: "Hello world"

[90mstdout[2m | core/handlers/bridge.test.ts[2m > [22m[2mRealtimeBridge Handler[2m > [22m[2mroutes to collaboration topic when collaborationId is present
[22m[39m[RealtimeBridge] Successfully published to collaborations/collab-123/signal

[90mstdout[2m | core/handlers/bridge.test.ts[2m > [22m[2mRealtimeBridge Handler[2m > [22m[2mroutes to workspace topic when workspaceId is present (and no collaborationId)
[22m[39m[RealtimeBridge] Received event: chunk

[90mstdout[2m | core/handlers/bridge.test.ts[2m > [22m[2mRealtimeBridge Handler[2m > [22m[2mroutes to workspace topic when workspaceId is present (and no collaborationId)
[22m[39m[RealtimeBridge] Routing chunk: User=dashboard-user | Session=sess-1 | Collab=undefined | WS=ws-456
[RealtimeBridge] Content: "Hello world"

[90mstdout[2m | core/handlers/bridge.test.ts[2m > [22m[2mRealtimeBridge Handler[2m > [22m[2mroutes to workspace topic when workspaceId is present (and no collaborationId)
[22m[39m[RealtimeBridge] Successfully published to workspaces/ws-456/signal

[90mstdout[2m | core/handlers/bridge.test.ts[2m > [22m[2mRealtimeBridge Handler[2m > [22m[2mroutes to system/metrics topic for health and metric events
[22m[39m[RealtimeBridge] Received event: system_health_report

[90mstdout[2m | core/handlers/bridge.test.ts[2m > [22m[2mRealtimeBridge Handler[2m > [22m[2mroutes to system/metrics topic for health and metric events
[22m[39m[RealtimeBridge] Routing system_health_report: User=system | Session=undefined | Collab=undefined | WS=undefined
[RealtimeBridge] Content: "Disk full"

[90mstdout[2m | core/handlers/bridge.test.ts[2m > [22m[2mRealtimeBridge Handler[2m > [22m[2mroutes to system/metrics topic for health and metric events
[22m[39m[RealtimeBridge] Successfully published to system/metrics

 [32m✓[39m core/handlers/bridge.test.ts [2m([22m[2m10 tests[22m[2m)[22m[32m 9[2mms[22m[39m
[90mstdout[2m | core/lib/agent/executor.test.ts[2m > [22m[2mAgentExecutor[2m > [22m[2mshould strip TASK_PAUSED prefix and Trace ID suffix from responseText
[22m[39m[EXECUTOR] Calling tool: pauseTool | Args: {"traceId":"trace-123","nodeId":"node-1","executorAgentId":"test-agent","executorAgentName":"Test Ag

[90mstdout[2m | core/lib/agent/executor.test.ts[2m > [22m[2mAgentExecutor[2m > [22m[2mshould strip TASK_PAUSED prefix and Trace ID suffix from responseText
[22m[39m[EXECUTOR] Tool Result: pauseTool | Success: true

[90mstdout[2m | core/lib/agent/executor.test.ts[2m > [22m[2mAgentExecutor[2m > [22m[2mshould handle responses with only TASK_PAUSED prefix
[22m[39m[EXECUTOR] Calling tool: simplePause | Args: {"traceId":"t1","nodeId":"node-1","executorAgentId":"test-agent","executorAgentName":"Test Agent","i

[90mstdout[2m | core/lib/agent/executor.test.ts[2m > [22m[2mAgentExecutor[2m > [22m[2mshould handle responses with only TASK_PAUSED prefix
[22m[39m[EXECUTOR] Tool Result: simplePause | Success: true

[90mstdout[2m | core/lib/agent/executor.test.ts[2m > [22m[2mAgentExecutor[2m > [22m[2mshould not overwrite tool arguments with system context
[22m[39m[EXECUTOR] Calling tool: dispatchTask | Args: {"agentId":"special-agent","task":"sub-task content","traceId":"t-123","nodeId":"node-1","executorAg

[90mstdout[2m | core/lib/agent/executor.test.ts[2m > [22m[2mAgentExecutor[2m > [22m[2mshould not overwrite tool arguments with system context
[22m[39m[EXECUTOR] Tool Result: dispatchTask | Success: true

[90mstdout[2m | core/lib/agent/executor.test.ts[2m > [22m[2mAgentExecutor[2m > [22m[2mshould not overwrite tool arguments with system context
[22m[39m[EXECUTOR] Calling tool: dispatchTask | Args: {"agentId":"special-agent","task":"sub-task content","traceId":"t-123","nodeId":"node-1","executorAg

[90mstdout[2m | core/lib/agent/executor.test.ts[2m > [22m[2mAgentExecutor[2m > [22m[2mshould not overwrite tool arguments with system context
[22m[39m[EXECUTOR] Tool Result: dispatchTask | Success: true

[90mstdout[2m | core/lib/agent/executor.test.ts[2m > [22m[2mAgentExecutor[2m > [22m[2mshould not overwrite tool arguments with system context
[22m[39m[EXECUTOR] Calling tool: dispatchTask | Args: {"agentId":"special-agent","task":"sub-task content","traceId":"t-123","nodeId":"node-1","executorAg

[90mstdout[2m | core/lib/agent/executor.test.ts[2m > [22m[2mAgentExecutor[2m > [22m[2mshould not overwrite tool arguments with system context
[22m[39m[EXECUTOR] Tool Result: dispatchTask | Success: true

[90mstdout[2m | core/lib/agent/executor.test.ts[2m > [22m[2mAgentExecutor[2m > [22m[2mshould not overwrite tool arguments with system context
[22m[39m[EXECUTOR] Calling tool: dispatchTask | Args: {"agentId":"special-agent","task":"sub-task content","traceId":"t-123","nodeId":"node-1","executorAg

[90mstdout[2m | core/lib/agent/executor.test.ts[2m > [22m[2mAgentExecutor[2m > [22m[2mshould not overwrite tool arguments with system context
[22m[39m[EXECUTOR] Tool Result: dispatchTask | Success: true

[90mstdout[2m | core/lib/agent/executor.test.ts[2m > [22m[2mAgentExecutor[2m > [22m[2mshould not overwrite tool arguments with system context
[22m[39m[EXECUTOR] Calling tool: dispatchTask | Args: {"agentId":"special-agent","task":"sub-task content","traceId":"t-123","nodeId":"node-1","executorAg

[90mstdout[2m | core/lib/agent/executor.test.ts[2m > [22m[2mAgentExecutor[2m > [22m[2mshould not overwrite tool arguments with system context
[22m[39m[EXECUTOR] Tool Result: dispatchTask | Success: true

[90mstdout[2m | core/lib/agent/executor.test.ts[2m > [22m[2mAgentExecutor[2m > [22m[2mshould allow SuperClaw (superclaw) to dispatch to strategic-planner without collision
[22m[39m[EXECUTOR] Calling tool: dispatchTask | Args: {"agentId":"strategic-planner","task":"How many agents?","metadata":{},"traceId":"trace-abc","nodeId

[90mstdout[2m | core/lib/agent/executor.test.ts[2m > [22m[2mAgentExecutor[2m > [22m[2mshould allow SuperClaw (superclaw) to dispatch to strategic-planner without collision
[22m[39m[EXECUTOR] Tool Result: dispatchTask | Success: true

[90mstdout[2m | core/lib/agent/executor.test.ts[2m > [22m[2mAgentExecutor[2m > [22m[2mshould allow SuperClaw (superclaw) to dispatch to strategic-planner without collision
[22m[39m[EXECUTOR] Calling tool: dispatchTask | Args: {"agentId":"strategic-planner","task":"How many agents?","metadata":{},"traceId":"trace-abc","nodeId

[90mstdout[2m | core/lib/agent/executor.test.ts[2m > [22m[2mAgentExecutor[2m > [22m[2mshould allow SuperClaw (superclaw) to dispatch to strategic-planner without collision
[22m[39m[EXECUTOR] Tool Result: dispatchTask | Success: true

[90mstdout[2m | core/lib/agent/executor.test.ts[2m > [22m[2mAgentExecutor[2m > [22m[2mshould allow SuperClaw (superclaw) to dispatch to strategic-planner without collision
[22m[39m[EXECUTOR] Calling tool: dispatchTask | Args: {"agentId":"strategic-planner","task":"How many agents?","metadata":{},"traceId":"trace-abc","nodeId

[90mstdout[2m | core/lib/agent/executor.test.ts[2m > [22m[2mAgentExecutor[2m > [22m[2mshould allow SuperClaw (superclaw) to dispatch to strategic-planner without collision
[22m[39m[EXECUTOR] Tool Result: dispatchTask | Success: true

[90mstdout[2m | core/lib/agent/executor.test.ts[2m > [22m[2mAgentExecutor[2m > [22m[2mshould allow SuperClaw (superclaw) to dispatch to strategic-planner without collision
[22m[39m[EXECUTOR] Calling tool: dispatchTask | Args: {"agentId":"strategic-planner","task":"How many agents?","metadata":{},"traceId":"trace-abc","nodeId

[90mstdout[2m | core/lib/agent/executor.test.ts[2m > [22m[2mAgentExecutor[2m > [22m[2mshould allow SuperClaw (superclaw) to dispatch to strategic-planner without collision
[22m[39m[EXECUTOR] Tool Result: dispatchTask | Success: true

[90mstdout[2m | core/lib/agent/executor.test.ts[2m > [22m[2mAgentExecutor[2m > [22m[2mshould allow SuperClaw (superclaw) to dispatch to strategic-planner without collision
[22m[39m[EXECUTOR] Calling tool: dispatchTask | Args: {"agentId":"strategic-planner","task":"How many agents?","metadata":{},"traceId":"trace-abc","nodeId

[90mstdout[2m | core/lib/agent/executor.test.ts[2m > [22m[2mAgentExecutor[2m > [22m[2mshould allow SuperClaw (superclaw) to dispatch to strategic-planner without collision
[22m[39m[EXECUTOR] Tool Result: dispatchTask | Success: true

[90mstdout[2m | core/lib/agent/executor.test.ts[2m > [22m[2mAgentExecutor[2m > [22m[2mshould capture tool_calls when loop is paused
[22m[39m[EXECUTOR] Calling tool: pauseTool | Args: {"traceId":"t1","nodeId":"node-1","executorAgentId":"test","executorAgentName":"Test","initiatorId":

[90mstdout[2m | core/lib/agent/executor.test.ts[2m > [22m[2mAgentExecutor[2m > [22m[2mshould capture tool_calls when loop is paused
[22m[39m[EXECUTOR] Tool Result: pauseTool | Success: true

[90mstdout[2m | core/lib/agent/executor.test.ts[2m > [22m[2mAgentExecutor[2m > [22m[2mshould execute high-risk tool if call ID is in approvedToolCalls
[22m[39m[EXECUTOR] Calling tool: deleteDatabase | Args: {"traceId":"t1","nodeId":"node-1","executorAgentId":"test-agent","executorAgentName":"Test Agent","i

[90mstdout[2m | core/lib/agent/executor.test.ts[2m > [22m[2mAgentExecutor[2m > [22m[2mshould execute high-risk tool if call ID is in approvedToolCalls
[22m[39m[EXECUTOR] Tool Result: deleteDatabase | Success: true

 [32m✓[39m core/lib/agent/executor.test.ts [2m([22m[2m12 tests[22m[2m)[22m[32m 10[2mms[22m[39m
 [32m✓[39m core/lib/lifecycle/escalation-manager.test.ts [2m([22m[2m3 tests[22m[2m)[22m[32m 8[2mms[22m[39m
[90mstderr[2m | core/tests/parallel-aggregation.test.ts[2m > [22m[2mParallel Aggregation Integration[2m > [22m[2mshould fallback to summary if agent-guided fails
[22m[39m[vitest] The vi.fn() mock did not use 'function' or 'class' in its implementation, see https://vitest.dev/api/vi#vi-spyon for examples.

 [32m✓[39m core/tests/parallel-aggregation.test.ts [2m([22m[2m2 tests[22m[2m)[22m[32m 9[2mms[22m[39m
 [32m✓[39m core/agents/critic/collab.test.ts [2m([22m[2m2 tests[22m[2m)[22m[32m 11[2mms[22m[39m
 [32m✓[39m core/lib/memory/evolution.test.ts [2m([22m[2m5 tests[22m[2m)[22m[32m 8[2mms[22m[39m
 [32m✓[39m core/lib/providers/openrouter.stream.test.ts [2m([22m[2m8 tests[22m[2m)[22m[32m 12[2mms[22m[39m
 [32m✓[39m core/lib/utils/trace-helper.test.ts [2m([22m[2m11 tests[22m[2m)[22m[32m 4[2mms[22m[39m
 [32m✓[39m core/handlers/events/clarification-timeout-handler.test.ts [2m([22m[2m10 tests[22m[2m)[22m[32m 4[2mms[22m[39m
 [32m✓[39m core/lib/utils/realtime.test.ts [2m([22m[2m2 tests[22m[2m)[22m[32m 6[2mms[22m[39m
 [32m✓[39m core/tests/schema-type-drift.test.ts [2m([22m[2m12 tests[22m[2m)[22m[32m 6[2mms[22m[39m
 [32m✓[39m core/agents/strategic-planner/decomposition.test.ts [2m([22m[2m19 tests[22m[2m)[22m[32m 12[2mms[22m[39m
 [32m✓[39m core/handlers/events/build-handler.test.ts [2m([22m[2m9 tests[22m[2m)[22m[32m 5[2mms[22m[39m
 [32m✓[39m core/tools/infra/rollback.test.ts [2m([22m[2m4 tests[22m[2m)[22m[32m 11[2mms[22m[39m
 [32m✓[39m core/lib/skills.test.ts [2m([22m[2m5 tests[22m[2m)[22m[32m 4[2mms[22m[39m
 [32m✓[39m core/handlers/events/consensus-handler.test.ts [2m([22m[2m10 tests[22m[2m)[22m[32m 14[2mms[22m[39m
 [32m✓[39m core/lib/lifecycle/scheduler.test.ts [2m([22m[2m10 tests[22m[2m)[22m[32m 13[2mms[22m[39m
 [32m✓[39m core/agents/critic.test.ts [2m([22m[2m12 tests[22m[2m)[22m[32m 10[2mms[22m[39m
 [32m✓[39m core/handlers/events/clarification-handler.test.ts [2m([22m[2m7 tests[22m[2m)[22m[32m 7[2mms[22m[39m
 [32m✓[39m core/lib/config/config-defaults.test.ts [2m([22m[2m14 tests[22m[2m)[22m[32m 11[2mms[22m[39m
 [32m✓[39m core/lib/metrics/slo.test.ts [2m([22m[2m9 tests[22m[2m)[22m[32m 4[2mms[22m[39m
 [32m✓[39m core/lib/providers/openai.test.ts [2m([22m[2m7 tests[22m[2m)[22m[32m 5[2mms[22m[39m
 [32m✓[39m core/lib/config/config-versioning.test.ts [2m([22m[2m8 tests[22m[2m)[22m[32m 7[2mms[22m[39m
 [32m✓[39m core/agents/coder.test.ts [2m([22m[2m5 tests[22m[2m)[22m[32m 6[2mms[22m[39m
 [32m✓[39m core/tools/knowledge/metadata.test.ts [2m([22m[2m4 tests[22m[2m)[22m[32m 3[2mms[22m[39m
 [32m✓[39m core/lib/memory/base.test.ts [2m([22m[2m7 tests[22m[2m)[22m[32m 6[2mms[22m[39m
 [32m✓[39m core/lib/memory/clarification-operations.test.ts [2m([22m[2m9 tests[22m[2m)[22m[32m 5[2mms[22m[39m
 [32m✓[39m core/lib/metrics/metrics.test.ts [2m([22m[2m2 tests[22m[2m)[22m[32m 5[2mms[22m[39m
 [32m✓[39m core/lib/providers/minimax.stream.test.ts [2m([22m[2m3 tests[22m[2m)[22m[32m 25[2mms[22m[39m
 [32m✓[39m core/handlers/events/cancellation-handler.test.ts [2m([22m[2m11 tests[22m[2m)[22m[32m 8[2mms[22m[39m
 [32m✓[39m core/lib/providers/integration.test.ts [2m([22m[2m1 test[22m[2m)[22m[32m 4[2mms[22m[39m
 [32m✓[39m core/lib/providers/bedrock.stream.test.ts [2m([22m[2m4 tests[22m[2m)[22m[32m 6[2mms[22m[39m
 [32m✓[39m core/tools/infra/orchestration.test.ts [2m([22m[2m7 tests[22m[2m)[22m[32m 5[2mms[22m[39m
 [32m✓[39m core/agents/cognition-reflector.test.ts [2m([22m[2m4 tests[22m[2m)[22m[32m 7[2mms[22m[39m
 [32m✓[39m core/lib/memory/collaboration.test.ts [2m([22m[2m5 tests[22m[2m)[22m[32m 8[2mms[22m[39m
 [32m✓[39m core/lib/agent/dag-executor.test.ts [2m([22m[2m19 tests[22m[2m)[22m[32m 12[2mms[22m[39m
 [32m✓[39m core/lib/providers/minimax.test.ts [2m([22m[2m11 tests[22m[2m)[22m[32m 7[2mms[22m[39m
 [32m✓[39m core/tools/infra/topology.test.ts [2m([22m[2m11 tests[22m[2m)[22m[32m 6[2mms[22m[39m
 [32m✓[39m core/lib/types/mcp.test.ts [2m([22m[2m9 tests[22m[2m)[22m[32m 10[2mms[22m[39m
 [32m✓[39m core/lib/memory/workspace-operations.test.ts [2m([22m[2m14 tests[22m[2m)[22m[32m 6[2mms[22m[39m
 [32m✓[39m core/lib/lifecycle/alerting.test.ts [2m([22m[2m11 tests[22m[2m)[22m[32m 5[2mms[22m[39m
 [32m✓[39m core/lib/config/config-validator.test.ts [2m([22m[2m18 tests[22m[2m)[22m[32m 7[2mms[22m[39m
 [32m✓[39m core/tools/system/validation.test.ts [2m([22m[2m4 tests[22m[2m)[22m[32m 3[2mms[22m[39m
 [32m✓[39m dashboard/src/app/api/memory/status/route.test.ts [2m([22m[2m3 tests[22m[2m)[22m[32m 6[2mms[22m[39m
 [32m✓[39m core/handlers/events/continuation-handler.test.ts [2m([22m[2m7 tests[22m[2m)[22m[32m 4[2mms[22m[39m
 [32m✓[39m core/lib/metadata.test.ts [2m([22m[2m6 tests[22m[2m)[22m[32m 5[2mms[22m[39m
 [32m✓[39m core/agents/qa.test.ts [2m([22m[2m4 tests[22m[2m)[22m[32m 8[2mms[22m[39m
 [32m✓[39m core/lib/registry/config.test.ts [2m([22m[2m9 tests[22m[2m)[22m[32m 4[2mms[22m[39m
 [32m✓[39m core/handlers/events/parallel-barrier-timeout-handler.test.ts [2m([22m[2m9 tests[22m[2m)[22m[32m 10[2mms[22m[39m
 [32m✓[39m core/lib/providers/utils.test.ts [2m([22m[2m11 tests[22m[2m)[22m[32m 9[2mms[22m[39m
 [32m✓[39m core/tools/collaboration/clarification.test.ts [2m([22m[2m2 tests[22m[2m)[22m[32m 10[2mms[22m[39m
 [32m✓[39m core/handlers/notifier.test.ts [2m([22m[2m5 tests[22m[2m)[22m[32m 6[2mms[22m[39m
 [32m✓[39m core/tools/collaboration/workspace.test.ts [2m([22m[2m9 tests[22m[2m)[22m[32m 10[2mms[22m[39m
 [32m✓[39m core/lib/logger.test.ts [2m([22m[2m10 tests[22m[2m)[22m[32m 10[2mms[22m[39m
 [32m✓[39m core/lib/memory/pagination.test.ts [2m([22m[2m4 tests[22m[2m)[22m[32m 8[2mms[22m[39m
 [32m✓[39m core/lib/agent/parallel-aggregator.test.ts [2m([22m[2m6 tests[22m[2m)[22m[32m 5[2mms[22m[39m
 [32m✓[39m core/lib/memory/reputation-operations.test.ts [2m([22m[2m8 tests[22m[2m)[22m[32m 6[2mms[22m[39m
 [32m✓[39m core/tools/system/health.test.ts [2m([22m[2m5 tests[22m[2m)[22m[32m 6[2mms[22m[39m
 [32m✓[39m core/tools/system/fs.test.ts [2m([22m[2m7 tests[22m[2m)[22m[32m 6[2mms[22m[39m
 [32m✓[39m core/tools/system/definitions.test.ts [2m([22m[2m4 tests[22m[2m)[22m[32m 10[2mms[22m[39m
 [32m✓[39m core/lib/tracer.test.ts [2m([22m[2m6 tests[22m[2m)[22m[32m 4[2mms[22m[39m
 [32m✓[39m core/tools/infra/scheduler.test.ts [2m([22m[2m7 tests[22m[2m)[22m[32m 4[2mms[22m[39m
 [32m✓[39m core/lib/utils/agent-helpers.test.ts [2m([22m[2m19 tests[22m[2m)[22m[32m 4[2mms[22m[39m
 [32m✓[39m dashboard/src/lib/constants.test.ts [2m([22m[2m11 tests[22m[2m)[22m[32m 6[2mms[22m[39m
 [32m✓[39m core/lib/agent/context-strategies.test.ts [2m([22m[2m9 tests[22m[2m)[22m[32m 5[2mms[22m[39m
 [32m✓[39m core/lib/registry.test.ts [2m([22m[2m3 tests[22m[2m)[22m[32m 5[2mms[22m[39m
 [32m✓[39m core/lib/constants.test.ts [2m([22m[2m7 tests[22m[2m)[22m[32m 3[2mms[22m[39m
 [32m✓[39m core/lib/agent/executor.tokens.test.ts [2m([22m[2m1 test[22m[2m)[22m[32m 4[2mms[22m[39m
 [32m✓[39m core/lib/providers/openrouter.test.ts [2m([22m[2m5 tests[22m[2m)[22m[32m 6[2mms[22m[39m
 [32m✓[39m core/lib/mcp.test.ts [2m([22m[2m3 tests[22m[2m)[22m[32m 5[2mms[22m[39m
 [32m✓[39m core/lib/registry.tools.test.ts [2m([22m[2m3 tests[22m[2m)[22m[32m 3[2mms[22m[39m
 [32m✓[39m core/handlers/events/health-handler.test.ts [2m([22m[2m5 tests[22m[2m)[22m[32m 6[2mms[22m[39m
 [32m✓[39m core/lib/agent-router.test.ts [2m([22m[2m10 tests[22m[2m)[22m[32m 3[2mms[22m[39m
 [32m✓[39m core/handlers/events/escalation-handler.test.ts [2m([22m[2m5 tests[22m[2m)[22m[32m 4[2mms[22m[39m
 [32m✓[39m core/lib/agent-routing.test.ts [2m([22m[2m9 tests[22m[2m)[22m[32m 4[2mms[22m[39m
 [32m✓[39m core/lib/prompts/snippets.test.ts [2m([22m[2m6 tests[22m[2m)[22m[32m 3[2mms[22m[39m
 [32m✓[39m core/lib/providers/openai.stream.test.ts [2m([22m[2m2 tests[22m[2m)[22m[32m 3[2mms[22m[39m
 [32m✓[39m core/lib/outbound.test.ts [2m([22m[2m5 tests[22m[2m)[22m[32m 3[2mms[22m[39m
 [32m✓[39m core/lib/types/constants.test.ts [2m([22m[2m10 tests[22m[2m)[22m[32m 3[2mms[22m[39m
 [32m✓[39m core/lib/utils/fs-security.test.ts [2m([22m[2m12 tests[22m[2m)[22m[32m 7[2mms[22m[39m
 [32m✓[39m core/lib/utils/tool-error.test.ts [2m([22m[2m10 tests[22m[2m)[22m[32m 3[2mms[22m[39m
 [32m✓[39m core/lib/utils/normalize.test.ts [2m([22m[2m13 tests[22m[2m)[22m[32m 5[2mms[22m[39m
 [32m✓[39m core/lib/backbone.test.ts [2m([22m[2m6 tests[22m[2m)[22m[32m 24[2mms[22m[39m
 [32m✓[39m core/lib/types/session.test.ts [2m([22m[2m4 tests[22m[2m)[22m[32m 5[2mms[22m[39m
 [32m✓[39m infra/agents.test.ts [2m([22m[2m4 tests[22m[2m)[22m[32m 5[2mms[22m[39m
 [32m✓[39m core/lib/agent/options.test.ts [2m([22m[2m3 tests[22m[2m)[22m[32m 3[2mms[22m[39m
 [32m✓[39m core/lib/utils/error.test.ts [2m([22m[2m12 tests[22m[2m)[22m[32m 3[2mms[22m[39m
 [32m✓[39m core/lib/agent/context.test.ts [2m([22m[2m8 tests[22m[2m)[22m[32m 3[2mms[22m[39m
 [32m✓[39m core/lib/lifecycle/self-verify.test.ts [2m([22m[2m5 tests[22m[2m)[22m[32m 3[2mms[22m[39m
[90mstdout[2m | core/lib/metrics/metrics.integration.test.ts[2m > [22m[2mMetrics Permission Integration[2m > [22m[2mshould successfully emit a heartbeat metric to CloudWatch
[22m[39mSkipping integration test (INTEGRATION_TESTS not set to true)

 [32m✓[39m core/lib/metrics/metrics.integration.test.ts [2m([22m[2m1 test[22m[2m)[22m[32m 2[2mms[22m[39m
 [32m✓[39m infra/shared.test.ts [2m([22m[2m2 tests[22m[2m)[22m[32m 2[2mms[22m[39m
 [32m✓[39m core/handlers/realtime-auth.test.ts [2m([22m[2m1 test[22m[2m)[22m[32m 2[2mms[22m[39m
 [32m✓[39m core/lib/providers/index.test.ts [2m([22m[2m2 tests[22m[2m)[22m[32m 2[2mms[22m[39m
 [32m✓[39m core/lib/schema.test.ts [2m([22m[2m3 tests[22m[2m)[22m[32m 2[2mms[22m[39m

[31m⎯⎯⎯⎯⎯⎯[39m[1m[41m Failed Suites 8 [49m[22m[31m⎯⎯⎯⎯⎯⎯⎯[39m

[41m[1m FAIL [22m[49m dashboard/src/components/CognitiveHealthCard.test.tsx[2m [ dashboard/src/components/CognitiveHealthCard.test.tsx ][22m
[41m[1m FAIL [22m[49m dashboard/src/components/SafetyTierEditor.test.tsx[2m [ dashboard/src/components/SafetyTierEditor.test.tsx ][22m
[41m[1m FAIL [22m[49m dashboard/src/components/ui/Badge.test.tsx[2m [ dashboard/src/components/ui/Badge.test.tsx ][22m
[41m[1m FAIL [22m[49m dashboard/src/components/ui/Button.test.tsx[2m [ dashboard/src/components/ui/Button.test.tsx ][22m
[41m[1m FAIL [22m[49m dashboard/src/components/ui/Card.test.tsx[2m [ dashboard/src/components/ui/Card.test.tsx ][22m
[31m[1mError[22m: Failed to parse source for import analysis because the content contains invalid JS syntax. If you use tsconfig.json, make sure to not set jsx to preserve.[39m
  Plugin: [35mvite:import-analysis[39m
  File: [36m/Users/pengcao/projects/serverlessclaw/dashboard/src/components/CognitiveHealthCard.test.tsx[39m:11:3
[33m  4  |  import CognitiveHealthCard from "./CognitiveHealthCard";
  5  |  // Mock the UI components
  6  |  ...ta-testid="card" className={className}>{children}</div> }));
     |                                                                 ^
  7  |  vi.mock("@/components/ui/Typography", () => ({ default: ({ children, className }) => <div data-testid="typography" cl...
  8  |  vi.mock("@/components/ui/Badge", () => ({ default: ({ children, className, variant }) => <span data-testid="badge" da...[39m
[90m [2m❯[22m TransformPluginContext._formatLog node_modules/.pnpm/vite@8.0.0_@types+node@25.5.0_esbuild@0.27.4_jiti@2.6.1_terser@5.46.1_tsx@4.21.0_yaml@2.8.3/node_modules/vite/dist/node/chunks/node.js:[2m30209:39[22m[39m
[90m [2m❯[22m TransformPluginContext.error node_modules/.pnpm/vite@8.0.0_@types+node@25.5.0_esbuild@0.27.4_jiti@2.6.1_terser@5.46.1_tsx@4.21.0_yaml@2.8.3/node_modules/vite/dist/node/chunks/node.js:[2m30206:14[22m[39m
[90m [2m❯[22m TransformPluginContext.transform node_modules/.pnpm/vite@8.0.0_@types+node@25.5.0_esbuild@0.27.4_jiti@2.6.1_terser@5.46.1_tsx@4.21.0_yaml@2.8.3/node_modules/vite/dist/node/chunks/node.js:[2m27460:10[22m[39m
[90m [2m❯[22m EnvironmentPluginContainer.transform node_modules/.pnpm/vite@8.0.0_@types+node@25.5.0_esbuild@0.27.4_jiti@2.6.1_terser@5.46.1_tsx@4.21.0_yaml@2.8.3/node_modules/vite/dist/node/chunks/node.js:[2m29998:14[22m[39m
[90m [2m❯[22m loadAndTransform node_modules/.pnpm/vite@8.0.0_@types+node@25.5.0_esbuild@0.27.4_jiti@2.6.1_terser@5.46.1_tsx@4.21.0_yaml@2.8.3/node_modules/vite/dist/node/chunks/node.js:[2m24133:26[22m[39m

[31m[2m⎯⎯⎯⎯⎯⎯⎯⎯⎯⎯⎯⎯⎯⎯⎯⎯⎯⎯⎯⎯⎯⎯⎯⎯[1/8]⎯[22m[39m

[41m[1m FAIL [22m[49m dashboard/src/components/CyberConfirm.test.tsx[2m [ dashboard/src/components/CyberConfirm.test.tsx ][22m
[31m[1mRolldownError[22m: Parse failure: Parse failed with 1 error:
Unexpected JSX expression
 6: describe("CyberConfirm Component", () => {
 7:   it("renders nothing when isOpen is false", () => {
 8:     const { container } = render(<CyberConfirm isOpen={false} onConfirm={vi.fn()} onCancel={vi.fn()} title="Test" mes...
                                     ^
 9:     expect(container.innerHTML).toBe("");
10:   });
At file: /dashboard/src/components/CyberConfirm.test.tsx:8:31[39m
  File: [36m/dashboard/src/components/CyberConfirm.test.tsx[39m:8:31
[33m  6  |  describe("CyberConfirm Component", () => {
  7  |  	it("renders nothing when isOpen is false", () => {
  8  |  		const { container } = render(<CyberConfirm isOpen={false} onConfirm={vi.fn()} onCancel={vi.fn()} title="Test" messa...
     |                                 ^
  9  |  		expect(container.innerHTML).toBe("");
  10 |  	});[39m
[90m [2m❯[22m error node_modules/.pnpm/rolldown@1.0.0-rc.9/node_modules/rolldown/dist/shared/logs-D80CXhvg.mjs:[2m147:24[22m[39m
[90m [2m❯[22m normalizeParseError node_modules/.pnpm/rolldown@1.0.0-rc.9/node_modules/rolldown/dist/parse-ast-index.mjs:[2m26:9[22m[39m
[90m [2m❯[22m wrap node_modules/.pnpm/rolldown@1.0.0-rc.9/node_modules/rolldown/dist/parse-ast-index.mjs:[2m6:39[22m[39m
[90m [2m❯[22m parseAstAsync node_modules/.pnpm/rolldown@1.0.0-rc.9/node_modules/rolldown/dist/parse-ast-index.mjs:[2m55:9[22m[39m
[90m [2m❯[22m ssrTransformScript node_modules/.pnpm/vite@8.0.0_@types+node@25.5.0_esbuild@0.27.4_jiti@2.6.1_terser@5.46.1_tsx@4.21.0_yaml@2.8.3/node_modules/vite/dist/node/chunks/node.js:[2m11052:9[22m[39m
[90m [2m❯[22m loadAndTransform node_modules/.pnpm/vite@8.0.0_@types+node@25.5.0_esbuild@0.27.4_jiti@2.6.1_terser@5.46.1_tsx@4.21.0_yaml@2.8.3/node_modules/vite/dist/node/chunks/node.js:[2m24167:64[22m[39m

[31m[2m⎯⎯⎯⎯⎯⎯⎯⎯⎯⎯⎯⎯⎯⎯⎯⎯⎯⎯⎯⎯⎯⎯⎯⎯[2/8]⎯[22m[39m

[41m[1m FAIL [22m[49m dashboard/src/components/CyberSelect.test.tsx[2m [ dashboard/src/components/CyberSelect.test.tsx ][22m
[31m[1mRolldownError[22m: Parse failure: Parse failed with 1 error:
Unexpected JSX expression
20: describe("CyberSelect Component", () => {
21:   it("renders with placeholder when no value selected", () => {
22:     render(<CyberSelect value="" onChange={vi.fn()} options={mockOptions} placeholder="Choose..." />);
               ^
23:     expect(screen.getByText("Choose...")).toBeInTheDocument();
24:   });
At file: /dashboard/src/components/CyberSelect.test.tsx:22:9[39m
  File: [36m/dashboard/src/components/CyberSelect.test.tsx[39m:22:9
[33m  20 |  describe("CyberSelect Component", () => {
  21 |  	it("renders with placeholder when no value selected", () => {
  22 |  		render(<CyberSelect value="" onChange={vi.fn()} options={mockOptions} placeholder="Choose..." />);
     |           ^
  23 |  		expect(screen.getByText("Choose...")).toBeInTheDocument();
  24 |  	});[39m
[90m [2m❯[22m error node_modules/.pnpm/rolldown@1.0.0-rc.9/node_modules/rolldown/dist/shared/logs-D80CXhvg.mjs:[2m147:24[22m[39m
[90m [2m❯[22m normalizeParseError node_modules/.pnpm/rolldown@1.0.0-rc.9/node_modules/rolldown/dist/parse-ast-index.mjs:[2m26:9[22m[39m
[90m [2m❯[22m wrap node_modules/.pnpm/rolldown@1.0.0-rc.9/node_modules/rolldown/dist/parse-ast-index.mjs:[2m6:39[22m[39m
[90m [2m❯[22m parseAstAsync node_modules/.pnpm/rolldown@1.0.0-rc.9/node_modules/rolldown/dist/parse-ast-index.mjs:[2m55:9[22m[39m
[90m [2m❯[22m ssrTransformScript node_modules/.pnpm/vite@8.0.0_@types+node@25.5.0_esbuild@0.27.4_jiti@2.6.1_terser@5.46.1_tsx@4.21.0_yaml@2.8.3/node_modules/vite/dist/node/chunks/node.js:[2m11052:9[22m[39m
[90m [2m❯[22m loadAndTransform node_modules/.pnpm/vite@8.0.0_@types+node@25.5.0_esbuild@0.27.4_jiti@2.6.1_terser@5.46.1_tsx@4.21.0_yaml@2.8.3/node_modules/vite/dist/node/chunks/node.js:[2m24167:64[22m[39m

[31m[2m⎯⎯⎯⎯⎯⎯⎯⎯⎯⎯⎯⎯⎯⎯⎯⎯⎯⎯⎯⎯⎯⎯⎯⎯[3/8]⎯[22m[39m

[41m[1m FAIL [22m[49m dashboard/src/components/Chat/ChatInput.test.tsx[2m [ dashboard/src/components/Chat/ChatInput.test.tsx ][22m
[31m[1mRolldownError[22m: Parse failure: Parse failed with 1 error:
Unexpected JSX expression
5: vi.mock("next/image", () => ({ default: (props) => {
6:   // eslint-disable-next-line @next/next/no-img-element, jsx-a11y/alt-text
7:   return <img {...props} />;
            ^
8: } }));
9: describe("ChatInput Component", () => {
At file: /dashboard/src/components/Chat/ChatInput.test.tsx:7:8[39m
  File: [36m/dashboard/src/components/Chat/ChatInput.test.tsx[39m:7:8
[33m  5  |  vi.mock("next/image", () => ({ default: (props) => {
  6  |  	// eslint-disable-next-line @next/next/no-img-element, jsx-a11y/alt-text
  7  |  	return <img {...props} />;
     |          ^
  8  |  } }));
  9  |  describe("ChatInput Component", () => {[39m
[90m [2m❯[22m error node_modules/.pnpm/rolldown@1.0.0-rc.9/node_modules/rolldown/dist/shared/logs-D80CXhvg.mjs:[2m147:24[22m[39m
[90m [2m❯[22m normalizeParseError node_modules/.pnpm/rolldown@1.0.0-rc.9/node_modules/rolldown/dist/parse-ast-index.mjs:[2m26:9[22m[39m
[90m [2m❯[22m wrap node_modules/.pnpm/rolldown@1.0.0-rc.9/node_modules/rolldown/dist/parse-ast-index.mjs:[2m6:39[22m[39m
[90m [2m❯[22m parseAstAsync node_modules/.pnpm/rolldown@1.0.0-rc.9/node_modules/rolldown/dist/parse-ast-index.mjs:[2m55:9[22m[39m
[90m [2m❯[22m ssrTransformScript node_modules/.pnpm/vite@8.0.0_@types+node@25.5.0_esbuild@0.27.4_jiti@2.6.1_terser@5.46.1_tsx@4.21.0_yaml@2.8.3/node_modules/vite/dist/node/chunks/node.js:[2m11052:9[22m[39m
[90m [2m❯[22m loadAndTransform node_modules/.pnpm/vite@8.0.0_@types+node@25.5.0_esbuild@0.27.4_jiti@2.6.1_terser@5.46.1_tsx@4.21.0_yaml@2.8.3/node_modules/vite/dist/node/chunks/node.js:[2m24167:64[22m[39m

[31m[2m⎯⎯⎯⎯⎯⎯⎯⎯⎯⎯⎯⎯⎯⎯⎯⎯⎯⎯⎯⎯⎯⎯⎯⎯[4/8]⎯[22m[39m


[2m Test Files [22m [1m[31m8 failed[39m[22m[2m | [22m[1m[32m179 passed[39m[22m[90m (187)[39m
[2m      Tests [22m [1m[32m1530 passed[39m[22m[90m (1530)[39m
[2m   Start at [22m 21:32:22
[2m   Duration [22m 7.39s[2m (transform 5.07s, setup 10.06s, import 20.07s, tests 9.01s, environment 6.55s)[22m

 ELIFECYCLE  Test failed. See above for more details.
make: *** [test] Error 1
